
> moooves-game@0.1.0 test
> jest --runInBand tests/features-integration.test.tsx

  console.error
    Error: Uncaught [Error: useGameRules must be used inside GameRulesProvider]
        at reportException (C:\Users\alexa\Documents\Programing\GitHub\moooves\node_modules\jsdom\lib\jsdom\living\helpers\runtime-script-errors.js:66:24)
        at innerInvokeEventListeners (C:\Users\alexa\Documents\Programing\GitHub\moooves\node_modules\jsdom\lib\jsdom\living\events\EventTarget-impl.js:353:9)
        at invokeEventListeners (C:\Users\alexa\Documents\Programing\GitHub\moooves\node_modules\jsdom\lib\jsdom\living\events\EventTarget-impl.js:286:3)
        at HTMLUnknownElementImpl._dispatch (C:\Users\alexa\Documents\Programing\GitHub\moooves\node_modules\jsdom\lib\jsdom\living\events\EventTarget-impl.js:233:9)
        at HTMLUnknownElementImpl.dispatchEvent (C:\Users\alexa\Documents\Programing\GitHub\moooves\node_modules\jsdom\lib\jsdom\living\events\EventTarget-impl.js:104:17)
        at HTMLUnknownElement.dispatchEvent (C:\Users\alexa\Documents\Programing\GitHub\moooves\node_modules\jsdom\lib\jsdom\living\generated\EventTarget.js:241:34)
        at Object.invokeGuardedCallbackDev (C:\Users\alexa\Documents\Programing\GitHub\moooves\node_modules\react-dom\cjs\react-dom.development.js:4213:16)
        at invokeGuardedCallback (C:\Users\alexa\Documents\Programing\GitHub\moooves\node_modules\react-dom\cjs\react-dom.development.js:4277:31)
        at beginWork$1 (C:\Users\alexa\Documents\Programing\GitHub\moooves\node_modules\react-dom\cjs\react-dom.development.js:27490:7)
        at performUnitOfWork (C:\Users\alexa\Documents\Programing\GitHub\moooves\node_modules\react-dom\cjs\react-dom.development.js:26599:12)
        at workLoopSync (C:\Users\alexa\Documents\Programing\GitHub\moooves\node_modules\react-dom\cjs\react-dom.development.js:26505:5)
        at renderRootSync (C:\Users\alexa\Documents\Programing\GitHub\moooves\node_modules\react-dom\cjs\react-dom.development.js:26473:7)
        at performConcurrentWorkOnRoot (C:\Users\alexa\Documents\Programing\GitHub\moooves\node_modules\react-dom\cjs\react-dom.development.js:25777:74)
        at flushActQueue (C:\Users\alexa\Documents\Programing\GitHub\moooves\node_modules\react\cjs\react.development.js:2667:24)
        at act (C:\Users\alexa\Documents\Programing\GitHub\moooves\node_modules\react\cjs\react.development.js:2582:11)
        at C:\Users\alexa\Documents\Programing\GitHub\moooves\node_modules\@testing-library\react\dist\act-compat.js:47:25
        at renderRoot (C:\Users\alexa\Documents\Programing\GitHub\moooves\node_modules\@testing-library\react\dist\pure.js:180:26)
        at render (C:\Users\alexa\Documents\Programing\GitHub\moooves\node_modules\@testing-library\react\dist\pure.js:271:10)
        at Object.<anonymous> (C:\Users\alexa\Documents\Programing\GitHub\moooves\tests\features-integration.test.tsx:199:19)
        at Promise.then.completed (C:\Users\alexa\Documents\Programing\GitHub\moooves\node_modules\jest-circus\build\utils.js:298:28)
        at new Promise (<anonymous>)
        at callAsyncCircusFn (C:\Users\alexa\Documents\Programing\GitHub\moooves\node_modules\jest-circus\build\utils.js:231:10)
        at _callCircusTest (C:\Users\alexa\Documents\Programing\GitHub\moooves\node_modules\jest-circus\build\run.js:316:40)
        at _runTest (C:\Users\alexa\Documents\Programing\GitHub\moooves\node_modules\jest-circus\build\run.js:252:3)
        at _runTestsForDescribeBlock (C:\Users\alexa\Documents\Programing\GitHub\moooves\node_modules\jest-circus\build\run.js:126:9)
        at _runTestsForDescribeBlock (C:\Users\alexa\Documents\Programing\GitHub\moooves\node_modules\jest-circus\build\run.js:121:9)
        at _runTestsForDescribeBlock (C:\Users\alexa\Documents\Programing\GitHub\moooves\node_modules\jest-circus\build\run.js:121:9)
        at run (C:\Users\alexa\Documents\Programing\GitHub\moooves\node_modules\jest-circus\build\run.js:71:3)
        at runAndTransformResultsToJestFormat (C:\Users\alexa\Documents\Programing\GitHub\moooves\node_modules\jest-circus\build\legacy-code-todo-rewrite\jestAdapterInit.js:122:21)
        at jestAdapter (C:\Users\alexa\Documents\Programing\GitHub\moooves\node_modules\jest-circus\build\legacy-code-todo-rewrite\jestAdapter.js:79:19)
        at runTestInternal (C:\Users\alexa\Documents\Programing\GitHub\moooves\node_modules\jest-runner\build\runTest.js:367:16)
        at runTest (C:\Users\alexa\Documents\Programing\GitHub\moooves\node_modules\jest-runner\build\runTest.js:444:34) {
      detail: Error: useGameRules must be used inside GameRulesProvider
          at useGameRules (C:\Users\alexa\Documents\Programing\GitHub\moooves\components\game\GameRulesProvider.tsx:31:11)
          at BattleGround (C:\Users\alexa\Documents\Programing\GitHub\moooves\components\game\battle-ground.tsx:64:37)
          at renderWithHooks (C:\Users\alexa\Documents\Programing\GitHub\moooves\node_modules\react-dom\cjs\react-dom.development.js:15486:18)
          at mountIndeterminateComponent (C:\Users\alexa\Documents\Programing\GitHub\moooves\node_modules\react-dom\cjs\react-dom.development.js:20103:13)
          at beginWork (C:\Users\alexa\Documents\Programing\GitHub\moooves\node_modules\react-dom\cjs\react-dom.development.js:21626:16)
          at HTMLUnknownElement.callCallback (C:\Users\alexa\Documents\Programing\GitHub\moooves\node_modules\react-dom\cjs\react-dom.development.js:4164:14)
          at HTMLUnknownElement.callTheUserObjectsOperation (C:\Users\alexa\Documents\Programing\GitHub\moooves\node_modules\jsdom\lib\jsdom\living\generated\EventListener.js:26:30)
          at innerInvokeEventListeners (C:\Users\alexa\Documents\Programing\GitHub\moooves\node_modules\jsdom\lib\jsdom\living\events\EventTarget-impl.js:350:25)
          at invokeEventListeners (C:\Users\alexa\Documents\Programing\GitHub\moooves\node_modules\jsdom\lib\jsdom\living\events\EventTarget-impl.js:286:3)
          at HTMLUnknownElementImpl._dispatch (C:\Users\alexa\Documents\Programing\GitHub\moooves\node_modules\jsdom\lib\jsdom\living\events\EventTarget-impl.js:233:9)
          at HTMLUnknownElementImpl.dispatchEvent (C:\Users\alexa\Documents\Programing\GitHub\moooves\node_modules\jsdom\lib\jsdom\living\events\EventTarget-impl.js:104:17)
          at HTMLUnknownElement.dispatchEvent (C:\Users\alexa\Documents\Programing\GitHub\moooves\node_modules\jsdom\lib\jsdom\living\generated\EventTarget.js:241:34)
          at Object.invokeGuardedCallbackDev (C:\Users\alexa\Documents\Programing\GitHub\moooves\node_modules\react-dom\cjs\react-dom.development.js:4213:16)
          at invokeGuardedCallback (C:\Users\alexa\Documents\Programing\GitHub\moooves\node_modules\react-dom\cjs\react-dom.development.js:4277:31)
          at beginWork$1 (C:\Users\alexa\Documents\Programing\GitHub\moooves\node_modules\react-dom\cjs\react-dom.development.js:27490:7)
          at performUnitOfWork (C:\Users\alexa\Documents\Programing\GitHub\moooves\node_modules\react-dom\cjs\react-dom.development.js:26599:12)
          at workLoopSync (C:\Users\alexa\Documents\Programing\GitHub\moooves\node_modules\react-dom\cjs\react-dom.development.js:26505:5)
          at renderRootSync (C:\Users\alexa\Documents\Programing\GitHub\moooves\node_modules\react-dom\cjs\react-dom.development.js:26473:7)
          at performConcurrentWorkOnRoot (C:\Users\alexa\Documents\Programing\GitHub\moooves\node_modules\react-dom\cjs\react-dom.development.js:25777:74)
          at flushActQueue (C:\Users\alexa\Documents\Programing\GitHub\moooves\node_modules\react\cjs\react.development.js:2667:24)
          at act (C:\Users\alexa\Documents\Programing\GitHub\moooves\node_modules\react\cjs\react.development.js:2582:11)
          at C:\Users\alexa\Documents\Programing\GitHub\moooves\node_modules\@testing-library\react\dist\act-compat.js:47:25
          at renderRoot (C:\Users\alexa\Documents\Programing\GitHub\moooves\node_modules\@testing-library\react\dist\pure.js:180:26)
          at render (C:\Users\alexa\Documents\Programing\GitHub\moooves\node_modules\@testing-library\react\dist\pure.js:271:10)
          at Object.<anonymous> (C:\Users\alexa\Documents\Programing\GitHub\moooves\tests\features-integration.test.tsx:199:19)
          at Promise.then.completed (C:\Users\alexa\Documents\Programing\GitHub\moooves\node_modules\jest-circus\build\utils.js:298:28)
          at new Promise (<anonymous>)
          at callAsyncCircusFn (C:\Users\alexa\Documents\Programing\GitHub\moooves\node_modules\jest-circus\build\utils.js:231:10)
          at _callCircusTest (C:\Users\alexa\Documents\Programing\GitHub\moooves\node_modules\jest-circus\build\run.js:316:40)
          at _runTest (C:\Users\alexa\Documents\Programing\GitHub\moooves\node_modules\jest-circus\build\run.js:252:3)
          at _runTestsForDescribeBlock (C:\Users\alexa\Documents\Programing\GitHub\moooves\node_modules\jest-circus\build\run.js:126:9)
          at _runTestsForDescribeBlock (C:\Users\alexa\Documents\Programing\GitHub\moooves\node_modules\jest-circus\build\run.js:121:9)
          at _runTestsForDescribeBlock (C:\Users\alexa\Documents\Programing\GitHub\moooves\node_modules\jest-circus\build\run.js:121:9)
          at run (C:\Users\alexa\Documents\Programing\GitHub\moooves\node_modules\jest-circus\build\run.js:71:3)
          at runAndTransformResultsToJestFormat (C:\Users\alexa\Documents\Programing\GitHub\moooves\node_modules\jest-circus\build\legacy-code-todo-rewrite\jestAdapterInit.js:122:21)
          at jestAdapter (C:\Users\alexa\Documents\Programing\GitHub\moooves\node_modules\jest-circus\build\legacy-code-todo-rewrite\jestAdapter.js:79:19)
          at runTestInternal (C:\Users\alexa\Documents\Programing\GitHub\moooves\node_modules\jest-runner\build\runTest.js:367:16)
          at runTest (C:\Users\alexa\Documents\Programing\GitHub\moooves\node_modules\jest-runner\build\runTest.js:444:34),
      type: 'unhandled exception'
    }

    [0m [90m 197 |[39m             }))
     [90m 198 |[39m
    [31m[1m>[22m[39m[90m 199 |[39m             render([33m<[39m[33mBattleGround[39m gameMode[33m=[39m[32m"player-vs-player"[39m [33m/[39m[33m>[39m)
     [90m     |[39m                   [31m[1m^[22m[39m
     [90m 200 |[39m
     [90m 201 |[39m             [90m// Force mobile check effect to run[39m
     [90m 202 |[39m             act(() [33m=>[39m {[0m

      at VirtualConsole.<anonymous> (node_modules/jest-environment-jsdom/build/index.js:63:23)
      at reportException (node_modules/jsdom/lib/jsdom/living/helpers/runtime-script-errors.js:70:28)
      at innerInvokeEventListeners (node_modules/jsdom/lib/jsdom/living/events/EventTarget-impl.js:353:9)
      at invokeEventListeners (node_modules/jsdom/lib/jsdom/living/events/EventTarget-impl.js:286:3)
      at HTMLUnknownElementImpl._dispatch (node_modules/jsdom/lib/jsdom/living/events/EventTarget-impl.js:233:9)
      at HTMLUnknownElementImpl.dispatchEvent (node_modules/jsdom/lib/jsdom/living/events/EventTarget-impl.js:104:17)
      at HTMLUnknownElement.dispatchEvent (node_modules/jsdom/lib/jsdom/living/generated/EventTarget.js:241:34)
      at Object.invokeGuardedCallbackDev (node_modules/react-dom/cjs/react-dom.development.js:4213:16)
      at invokeGuardedCallback (node_modules/react-dom/cjs/react-dom.development.js:4277:31)
      at beginWork$1 (node_modules/react-dom/cjs/react-dom.development.js:27490:7)
      at performUnitOfWork (node_modules/react-dom/cjs/react-dom.development.js:26599:12)
      at workLoopSync (node_modules/react-dom/cjs/react-dom.development.js:26505:5)
      at renderRootSync (node_modules/react-dom/cjs/react-dom.development.js:26473:7)
      at performConcurrentWorkOnRoot (node_modules/react-dom/cjs/react-dom.development.js:25777:74)
      at flushActQueue (node_modules/react/cjs/react.development.js:2667:24)
      at act (node_modules/react/cjs/react.development.js:2582:11)
      at node_modules/@testing-library/react/dist/act-compat.js:47:25
      at renderRoot (node_modules/@testing-library/react/dist/pure.js:180:26)
      at render (node_modules/@testing-library/react/dist/pure.js:271:10)
      at Object.<anonymous> (tests/features-integration.test.tsx:199:19)

  console.error
    Error: Uncaught [Error: useGameRules must be used inside GameRulesProvider]
        at reportException (C:\Users\alexa\Documents\Programing\GitHub\moooves\node_modules\jsdom\lib\jsdom\living\helpers\runtime-script-errors.js:66:24)
        at innerInvokeEventListeners (C:\Users\alexa\Documents\Programing\GitHub\moooves\node_modules\jsdom\lib\jsdom\living\events\EventTarget-impl.js:353:9)
        at invokeEventListeners (C:\Users\alexa\Documents\Programing\GitHub\moooves\node_modules\jsdom\lib\jsdom\living\events\EventTarget-impl.js:286:3)
        at HTMLUnknownElementImpl._dispatch (C:\Users\alexa\Documents\Programing\GitHub\moooves\node_modules\jsdom\lib\jsdom\living\events\EventTarget-impl.js:233:9)
        at HTMLUnknownElementImpl.dispatchEvent (C:\Users\alexa\Documents\Programing\GitHub\moooves\node_modules\jsdom\lib\jsdom\living\events\EventTarget-impl.js:104:17)
        at HTMLUnknownElement.dispatchEvent (C:\Users\alexa\Documents\Programing\GitHub\moooves\node_modules\jsdom\lib\jsdom\living\generated\EventTarget.js:241:34)
        at Object.invokeGuardedCallbackDev (C:\Users\alexa\Documents\Programing\GitHub\moooves\node_modules\react-dom\cjs\react-dom.development.js:4213:16)
        at invokeGuardedCallback (C:\Users\alexa\Documents\Programing\GitHub\moooves\node_modules\react-dom\cjs\react-dom.development.js:4277:31)
        at beginWork$1 (C:\Users\alexa\Documents\Programing\GitHub\moooves\node_modules\react-dom\cjs\react-dom.development.js:27490:7)
        at performUnitOfWork (C:\Users\alexa\Documents\Programing\GitHub\moooves\node_modules\react-dom\cjs\react-dom.development.js:26599:12)
        at workLoopSync (C:\Users\alexa\Documents\Programing\GitHub\moooves\node_modules\react-dom\cjs\react-dom.development.js:26505:5)
        at renderRootSync (C:\Users\alexa\Documents\Programing\GitHub\moooves\node_modules\react-dom\cjs\react-dom.development.js:26473:7)
        at recoverFromConcurrentError (C:\Users\alexa\Documents\Programing\GitHub\moooves\node_modules\react-dom\cjs\react-dom.development.js:25889:20)
        at performConcurrentWorkOnRoot (C:\Users\alexa\Documents\Programing\GitHub\moooves\node_modules\react-dom\cjs\react-dom.development.js:25789:22)
        at flushActQueue (C:\Users\alexa\Documents\Programing\GitHub\moooves\node_modules\react\cjs\react.development.js:2667:24)
        at act (C:\Users\alexa\Documents\Programing\GitHub\moooves\node_modules\react\cjs\react.development.js:2582:11)
        at C:\Users\alexa\Documents\Programing\GitHub\moooves\node_modules\@testing-library\react\dist\act-compat.js:47:25
        at renderRoot (C:\Users\alexa\Documents\Programing\GitHub\moooves\node_modules\@testing-library\react\dist\pure.js:180:26)
        at render (C:\Users\alexa\Documents\Programing\GitHub\moooves\node_modules\@testing-library\react\dist\pure.js:271:10)
        at Object.<anonymous> (C:\Users\alexa\Documents\Programing\GitHub\moooves\tests\features-integration.test.tsx:199:19)
        at Promise.then.completed (C:\Users\alexa\Documents\Programing\GitHub\moooves\node_modules\jest-circus\build\utils.js:298:28)
        at new Promise (<anonymous>)
        at callAsyncCircusFn (C:\Users\alexa\Documents\Programing\GitHub\moooves\node_modules\jest-circus\build\utils.js:231:10)
        at _callCircusTest (C:\Users\alexa\Documents\Programing\GitHub\moooves\node_modules\jest-circus\build\run.js:316:40)
        at _runTest (C:\Users\alexa\Documents\Programing\GitHub\moooves\node_modules\jest-circus\build\run.js:252:3)
        at _runTestsForDescribeBlock (C:\Users\alexa\Documents\Programing\GitHub\moooves\node_modules\jest-circus\build\run.js:126:9)
        at _runTestsForDescribeBlock (C:\Users\alexa\Documents\Programing\GitHub\moooves\node_modules\jest-circus\build\run.js:121:9)
        at _runTestsForDescribeBlock (C:\Users\alexa\Documents\Programing\GitHub\moooves\node_modules\jest-circus\build\run.js:121:9)
        at run (C:\Users\alexa\Documents\Programing\GitHub\moooves\node_modules\jest-circus\build\run.js:71:3)
        at runAndTransformResultsToJestFormat (C:\Users\alexa\Documents\Programing\GitHub\moooves\node_modules\jest-circus\build\legacy-code-todo-rewrite\jestAdapterInit.js:122:21)
        at jestAdapter (C:\Users\alexa\Documents\Programing\GitHub\moooves\node_modules\jest-circus\build\legacy-code-todo-rewrite\jestAdapter.js:79:19)
        at runTestInternal (C:\Users\alexa\Documents\Programing\GitHub\moooves\node_modules\jest-runner\build\runTest.js:367:16)
        at runTest (C:\Users\alexa\Documents\Programing\GitHub\moooves\node_modules\jest-runner\build\runTest.js:444:34) {
      detail: Error: useGameRules must be used inside GameRulesProvider
          at useGameRules (C:\Users\alexa\Documents\Programing\GitHub\moooves\components\game\GameRulesProvider.tsx:31:11)
          at BattleGround (C:\Users\alexa\Documents\Programing\GitHub\moooves\components\game\battle-ground.tsx:64:37)
          at renderWithHooks (C:\Users\alexa\Documents\Programing\GitHub\moooves\node_modules\react-dom\cjs\react-dom.development.js:15486:18)
          at mountIndeterminateComponent (C:\Users\alexa\Documents\Programing\GitHub\moooves\node_modules\react-dom\cjs\react-dom.development.js:20103:13)
          at beginWork (C:\Users\alexa\Documents\Programing\GitHub\moooves\node_modules\react-dom\cjs\react-dom.development.js:21626:16)
          at HTMLUnknownElement.callCallback (C:\Users\alexa\Documents\Programing\GitHub\moooves\node_modules\react-dom\cjs\react-dom.development.js:4164:14)
          at HTMLUnknownElement.callTheUserObjectsOperation (C:\Users\alexa\Documents\Programing\GitHub\moooves\node_modules\jsdom\lib\jsdom\living\generated\EventListener.js:26:30)
          at innerInvokeEventListeners (C:\Users\alexa\Documents\Programing\GitHub\moooves\node_modules\jsdom\lib\jsdom\living\events\EventTarget-impl.js:350:25)
          at invokeEventListeners (C:\Users\alexa\Documents\Programing\GitHub\moooves\node_modules\jsdom\lib\jsdom\living\events\EventTarget-impl.js:286:3)
          at HTMLUnknownElementImpl._dispatch (C:\Users\alexa\Documents\Programing\GitHub\moooves\node_modules\jsdom\lib\jsdom\living\events\EventTarget-impl.js:233:9)
          at HTMLUnknownElementImpl.dispatchEvent (C:\Users\alexa\Documents\Programing\GitHub\moooves\node_modules\jsdom\lib\jsdom\living\events\EventTarget-impl.js:104:17)
          at HTMLUnknownElement.dispatchEvent (C:\Users\alexa\Documents\Programing\GitHub\moooves\node_modules\jsdom\lib\jsdom\living\generated\EventTarget.js:241:34)
          at Object.invokeGuardedCallbackDev (C:\Users\alexa\Documents\Programing\GitHub\moooves\node_modules\react-dom\cjs\react-dom.development.js:4213:16)
          at invokeGuardedCallback (C:\Users\alexa\Documents\Programing\GitHub\moooves\node_modules\react-dom\cjs\react-dom.development.js:4277:31)
          at beginWork$1 (C:\Users\alexa\Documents\Programing\GitHub\moooves\node_modules\react-dom\cjs\react-dom.development.js:27490:7)
          at performUnitOfWork (C:\Users\alexa\Documents\Programing\GitHub\moooves\node_modules\react-dom\cjs\react-dom.development.js:26599:12)
          at workLoopSync (C:\Users\alexa\Documents\Programing\GitHub\moooves\node_modules\react-dom\cjs\react-dom.development.js:26505:5)
          at renderRootSync (C:\Users\alexa\Documents\Programing\GitHub\moooves\node_modules\react-dom\cjs\react-dom.development.js:26473:7)
          at recoverFromConcurrentError (C:\Users\alexa\Documents\Programing\GitHub\moooves\node_modules\react-dom\cjs\react-dom.development.js:25889:20)
          at performConcurrentWorkOnRoot (C:\Users\alexa\Documents\Programing\GitHub\moooves\node_modules\react-dom\cjs\react-dom.development.js:25789:22)
          at flushActQueue (C:\Users\alexa\Documents\Programing\GitHub\moooves\node_modules\react\cjs\react.development.js:2667:24)
          at act (C:\Users\alexa\Documents\Programing\GitHub\moooves\node_modules\react\cjs\react.development.js:2582:11)
          at C:\Users\alexa\Documents\Programing\GitHub\moooves\node_modules\@testing-library\react\dist\act-compat.js:47:25
          at renderRoot (C:\Users\alexa\Documents\Programing\GitHub\moooves\node_modules\@testing-library\react\dist\pure.js:180:26)
          at render (C:\Users\alexa\Documents\Programing\GitHub\moooves\node_modules\@testing-library\react\dist\pure.js:271:10)
          at Object.<anonymous> (C:\Users\alexa\Documents\Programing\GitHub\moooves\tests\features-integration.test.tsx:199:19)
          at Promise.then.completed (C:\Users\alexa\Documents\Programing\GitHub\moooves\node_modules\jest-circus\build\utils.js:298:28)
          at new Promise (<anonymous>)
          at callAsyncCircusFn (C:\Users\alexa\Documents\Programing\GitHub\moooves\node_modules\jest-circus\build\utils.js:231:10)
          at _callCircusTest (C:\Users\alexa\Documents\Programing\GitHub\moooves\node_modules\jest-circus\build\run.js:316:40)
          at _runTest (C:\Users\alexa\Documents\Programing\GitHub\moooves\node_modules\jest-circus\build\run.js:252:3)
          at _runTestsForDescribeBlock (C:\Users\alexa\Documents\Programing\GitHub\moooves\node_modules\jest-circus\build\run.js:126:9)
          at _runTestsForDescribeBlock (C:\Users\alexa\Documents\Programing\GitHub\moooves\node_modules\jest-circus\build\run.js:121:9)
          at _runTestsForDescribeBlock (C:\Users\alexa\Documents\Programing\GitHub\moooves\node_modules\jest-circus\build\run.js:121:9)
          at run (C:\Users\alexa\Documents\Programing\GitHub\moooves\node_modules\jest-circus\build\run.js:71:3)
          at runAndTransformResultsToJestFormat (C:\Users\alexa\Documents\Programing\GitHub\moooves\node_modules\jest-circus\build\legacy-code-todo-rewrite\jestAdapterInit.js:122:21)
          at jestAdapter (C:\Users\alexa\Documents\Programing\GitHub\moooves\node_modules\jest-circus\build\legacy-code-todo-rewrite\jestAdapter.js:79:19)
          at runTestInternal (C:\Users\alexa\Documents\Programing\GitHub\moooves\node_modules\jest-runner\build\runTest.js:367:16)
          at runTest (C:\Users\alexa\Documents\Programing\GitHub\moooves\node_modules\jest-runner\build\runTest.js:444:34),
      type: 'unhandled exception'
    }

    [0m [90m 197 |[39m             }))
     [90m 198 |[39m
    [31m[1m>[22m[39m[90m 199 |[39m             render([33m<[39m[33mBattleGround[39m gameMode[33m=[39m[32m"player-vs-player"[39m [33m/[39m[33m>[39m)
     [90m     |[39m                   [31m[1m^[22m[39m
     [90m 200 |[39m
     [90m 201 |[39m             [90m// Force mobile check effect to run[39m
     [90m 202 |[39m             act(() [33m=>[39m {[0m

      at VirtualConsole.<anonymous> (node_modules/jest-environment-jsdom/build/index.js:63:23)
      at reportException (node_modules/jsdom/lib/jsdom/living/helpers/runtime-script-errors.js:70:28)
      at innerInvokeEventListeners (node_modules/jsdom/lib/jsdom/living/events/EventTarget-impl.js:353:9)
      at invokeEventListeners (node_modules/jsdom/lib/jsdom/living/events/EventTarget-impl.js:286:3)
      at HTMLUnknownElementImpl._dispatch (node_modules/jsdom/lib/jsdom/living/events/EventTarget-impl.js:233:9)
      at HTMLUnknownElementImpl.dispatchEvent (node_modules/jsdom/lib/jsdom/living/events/EventTarget-impl.js:104:17)
      at HTMLUnknownElement.dispatchEvent (node_modules/jsdom/lib/jsdom/living/generated/EventTarget.js:241:34)
      at Object.invokeGuardedCallbackDev (node_modules/react-dom/cjs/react-dom.development.js:4213:16)
      at invokeGuardedCallback (node_modules/react-dom/cjs/react-dom.development.js:4277:31)
      at beginWork$1 (node_modules/react-dom/cjs/react-dom.development.js:27490:7)
      at performUnitOfWork (node_modules/react-dom/cjs/react-dom.development.js:26599:12)
      at workLoopSync (node_modules/react-dom/cjs/react-dom.development.js:26505:5)
      at renderRootSync (node_modules/react-dom/cjs/react-dom.development.js:26473:7)
      at recoverFromConcurrentError (node_modules/react-dom/cjs/react-dom.development.js:25889:20)
      at performConcurrentWorkOnRoot (node_modules/react-dom/cjs/react-dom.development.js:25789:22)
      at flushActQueue (node_modules/react/cjs/react.development.js:2667:24)
      at act (node_modules/react/cjs/react.development.js:2582:11)
      at node_modules/@testing-library/react/dist/act-compat.js:47:25
      at renderRoot (node_modules/@testing-library/react/dist/pure.js:180:26)
      at render (node_modules/@testing-library/react/dist/pure.js:271:10)
      at Object.<anonymous> (tests/features-integration.test.tsx:199:19)

  console.error
    The above error occurred in the <BattleGround> component:
    
        at initialGameMode (C:\Users\alexa\Documents\Programing\GitHub\moooves\components\game\battle-ground.tsx:35:13)
    
    Consider adding an error boundary to your tree to customize error handling behavior.
    Visit https://reactjs.org/link/error-boundaries to learn more about error boundaries.

    [0m [90m 197 |[39m             }))
     [90m 198 |[39m
    [31m[1m>[22m[39m[90m 199 |[39m             render([33m<[39m[33mBattleGround[39m gameMode[33m=[39m[32m"player-vs-player"[39m [33m/[39m[33m>[39m)
     [90m     |[39m                   [31m[1m^[22m[39m
     [90m 200 |[39m
     [90m 201 |[39m             [90m// Force mobile check effect to run[39m
     [90m 202 |[39m             act(() [33m=>[39m {[0m

      at logCapturedError (node_modules/react-dom/cjs/react-dom.development.js:18704:23)
      at update.callback (node_modules/react-dom/cjs/react-dom.development.js:18737:5)
      at callCallback (node_modules/react-dom/cjs/react-dom.development.js:15036:12)
      at commitUpdateQueue (node_modules/react-dom/cjs/react-dom.development.js:15057:9)
      at commitLayoutEffectOnFiber (node_modules/react-dom/cjs/react-dom.development.js:23430:13)
      at commitLayoutMountEffects_complete (node_modules/react-dom/cjs/react-dom.development.js:24727:9)
      at commitLayoutEffects_begin (node_modules/react-dom/cjs/react-dom.development.js:24713:7)
      at commitLayoutEffects (node_modules/react-dom/cjs/react-dom.development.js:24651:3)
      at commitRootImpl (node_modules/react-dom/cjs/react-dom.development.js:26862:5)
      at commitRoot (node_modules/react-dom/cjs/react-dom.development.js:26721:5)
      at finishConcurrentRender (node_modules/react-dom/cjs/react-dom.development.js:25931:9)
      at performConcurrentWorkOnRoot (node_modules/react-dom/cjs/react-dom.development.js:25848:7)
      at flushActQueue (node_modules/react/cjs/react.development.js:2667:24)
      at act (node_modules/react/cjs/react.development.js:2582:11)
      at node_modules/@testing-library/react/dist/act-compat.js:47:25
      at renderRoot (node_modules/@testing-library/react/dist/pure.js:180:26)
      at render (node_modules/@testing-library/react/dist/pure.js:271:10)
      at Object.<anonymous> (tests/features-integration.test.tsx:199:19)

  console.error
    Error: Uncaught [Error: useGameRules must be used inside GameRulesProvider]
        at reportException (C:\Users\alexa\Documents\Programing\GitHub\moooves\node_modules\jsdom\lib\jsdom\living\helpers\runtime-script-errors.js:66:24)
        at innerInvokeEventListeners (C:\Users\alexa\Documents\Programing\GitHub\moooves\node_modules\jsdom\lib\jsdom\living\events\EventTarget-impl.js:353:9)
        at invokeEventListeners (C:\Users\alexa\Documents\Programing\GitHub\moooves\node_modules\jsdom\lib\jsdom\living\events\EventTarget-impl.js:286:3)
        at HTMLUnknownElementImpl._dispatch (C:\Users\alexa\Documents\Programing\GitHub\moooves\node_modules\jsdom\lib\jsdom\living\events\EventTarget-impl.js:233:9)
        at HTMLUnknownElementImpl.dispatchEvent (C:\Users\alexa\Documents\Programing\GitHub\moooves\node_modules\jsdom\lib\jsdom\living\events\EventTarget-impl.js:104:17)
        at HTMLUnknownElement.dispatchEvent (C:\Users\alexa\Documents\Programing\GitHub\moooves\node_modules\jsdom\lib\jsdom\living\generated\EventTarget.js:241:34)
        at Object.invokeGuardedCallbackDev (C:\Users\alexa\Documents\Programing\GitHub\moooves\node_modules\react-dom\cjs\react-dom.development.js:4213:16)
        at invokeGuardedCallback (C:\Users\alexa\Documents\Programing\GitHub\moooves\node_modules\react-dom\cjs\react-dom.development.js:4277:31)
        at beginWork$1 (C:\Users\alexa\Documents\Programing\GitHub\moooves\node_modules\react-dom\cjs\react-dom.development.js:27490:7)
        at performUnitOfWork (C:\Users\alexa\Documents\Programing\GitHub\moooves\node_modules\react-dom\cjs\react-dom.development.js:26599:12)
        at workLoopSync (C:\Users\alexa\Documents\Programing\GitHub\moooves\node_modules\react-dom\cjs\react-dom.development.js:26505:5)
        at renderRootSync (C:\Users\alexa\Documents\Programing\GitHub\moooves\node_modules\react-dom\cjs\react-dom.development.js:26473:7)
        at performConcurrentWorkOnRoot (C:\Users\alexa\Documents\Programing\GitHub\moooves\node_modules\react-dom\cjs\react-dom.development.js:25777:74)
        at flushActQueue (C:\Users\alexa\Documents\Programing\GitHub\moooves\node_modules\react\cjs\react.development.js:2667:24)
        at act (C:\Users\alexa\Documents\Programing\GitHub\moooves\node_modules\react\cjs\react.development.js:2582:11)
        at C:\Users\alexa\Documents\Programing\GitHub\moooves\node_modules\@testing-library\react\dist\act-compat.js:47:25
        at renderRoot (C:\Users\alexa\Documents\Programing\GitHub\moooves\node_modules\@testing-library\react\dist\pure.js:180:26)
        at render (C:\Users\alexa\Documents\Programing\GitHub\moooves\node_modules\@testing-library\react\dist\pure.js:271:10)
        at Object.<anonymous> (C:\Users\alexa\Documents\Programing\GitHub\moooves\tests\features-integration.test.tsx:232:19)
        at Promise.then.completed (C:\Users\alexa\Documents\Programing\GitHub\moooves\node_modules\jest-circus\build\utils.js:298:28)
        at new Promise (<anonymous>)
        at callAsyncCircusFn (C:\Users\alexa\Documents\Programing\GitHub\moooves\node_modules\jest-circus\build\utils.js:231:10)
        at _callCircusTest (C:\Users\alexa\Documents\Programing\GitHub\moooves\node_modules\jest-circus\build\run.js:316:40)
        at _runTest (C:\Users\alexa\Documents\Programing\GitHub\moooves\node_modules\jest-circus\build\run.js:252:3)
        at _runTestsForDescribeBlock (C:\Users\alexa\Documents\Programing\GitHub\moooves\node_modules\jest-circus\build\run.js:126:9)
        at _runTestsForDescribeBlock (C:\Users\alexa\Documents\Programing\GitHub\moooves\node_modules\jest-circus\build\run.js:121:9)
        at _runTestsForDescribeBlock (C:\Users\alexa\Documents\Programing\GitHub\moooves\node_modules\jest-circus\build\run.js:121:9)
        at run (C:\Users\alexa\Documents\Programing\GitHub\moooves\node_modules\jest-circus\build\run.js:71:3)
        at runAndTransformResultsToJestFormat (C:\Users\alexa\Documents\Programing\GitHub\moooves\node_modules\jest-circus\build\legacy-code-todo-rewrite\jestAdapterInit.js:122:21)
        at jestAdapter (C:\Users\alexa\Documents\Programing\GitHub\moooves\node_modules\jest-circus\build\legacy-code-todo-rewrite\jestAdapter.js:79:19)
        at runTestInternal (C:\Users\alexa\Documents\Programing\GitHub\moooves\node_modules\jest-runner\build\runTest.js:367:16)
        at runTest (C:\Users\alexa\Documents\Programing\GitHub\moooves\node_modules\jest-runner\build\runTest.js:444:34) {
      detail: Error: useGameRules must be used inside GameRulesProvider
          at useGameRules (C:\Users\alexa\Documents\Programing\GitHub\moooves\components\game\GameRulesProvider.tsx:31:11)
          at BattleGround (C:\Users\alexa\Documents\Programing\GitHub\moooves\components\game\battle-ground.tsx:64:37)
          at renderWithHooks (C:\Users\alexa\Documents\Programing\GitHub\moooves\node_modules\react-dom\cjs\react-dom.development.js:15486:18)
          at mountIndeterminateComponent (C:\Users\alexa\Documents\Programing\GitHub\moooves\node_modules\react-dom\cjs\react-dom.development.js:20103:13)
          at beginWork (C:\Users\alexa\Documents\Programing\GitHub\moooves\node_modules\react-dom\cjs\react-dom.development.js:21626:16)
          at HTMLUnknownElement.callCallback (C:\Users\alexa\Documents\Programing\GitHub\moooves\node_modules\react-dom\cjs\react-dom.development.js:4164:14)
          at HTMLUnknownElement.callTheUserObjectsOperation (C:\Users\alexa\Documents\Programing\GitHub\moooves\node_modules\jsdom\lib\jsdom\living\generated\EventListener.js:26:30)
          at innerInvokeEventListeners (C:\Users\alexa\Documents\Programing\GitHub\moooves\node_modules\jsdom\lib\jsdom\living\events\EventTarget-impl.js:350:25)
          at invokeEventListeners (C:\Users\alexa\Documents\Programing\GitHub\moooves\node_modules\jsdom\lib\jsdom\living\events\EventTarget-impl.js:286:3)
          at HTMLUnknownElementImpl._dispatch (C:\Users\alexa\Documents\Programing\GitHub\moooves\node_modules\jsdom\lib\jsdom\living\events\EventTarget-impl.js:233:9)
          at HTMLUnknownElementImpl.dispatchEvent (C:\Users\alexa\Documents\Programing\GitHub\moooves\node_modules\jsdom\lib\jsdom\living\events\EventTarget-impl.js:104:17)
          at HTMLUnknownElement.dispatchEvent (C:\Users\alexa\Documents\Programing\GitHub\moooves\node_modules\jsdom\lib\jsdom\living\generated\EventTarget.js:241:34)
          at Object.invokeGuardedCallbackDev (C:\Users\alexa\Documents\Programing\GitHub\moooves\node_modules\react-dom\cjs\react-dom.development.js:4213:16)
          at invokeGuardedCallback (C:\Users\alexa\Documents\Programing\GitHub\moooves\node_modules\react-dom\cjs\react-dom.development.js:4277:31)
          at beginWork$1 (C:\Users\alexa\Documents\Programing\GitHub\moooves\node_modules\react-dom\cjs\react-dom.development.js:27490:7)
          at performUnitOfWork (C:\Users\alexa\Documents\Programing\GitHub\moooves\node_modules\react-dom\cjs\react-dom.development.js:26599:12)
          at workLoopSync (C:\Users\alexa\Documents\Programing\GitHub\moooves\node_modules\react-dom\cjs\react-dom.development.js:26505:5)
          at renderRootSync (C:\Users\alexa\Documents\Programing\GitHub\moooves\node_modules\react-dom\cjs\react-dom.development.js:26473:7)
          at performConcurrentWorkOnRoot (C:\Users\alexa\Documents\Programing\GitHub\moooves\node_modules\react-dom\cjs\react-dom.development.js:25777:74)
          at flushActQueue (C:\Users\alexa\Documents\Programing\GitHub\moooves\node_modules\react\cjs\react.development.js:2667:24)
          at act (C:\Users\alexa\Documents\Programing\GitHub\moooves\node_modules\react\cjs\react.development.js:2582:11)
          at C:\Users\alexa\Documents\Programing\GitHub\moooves\node_modules\@testing-library\react\dist\act-compat.js:47:25
          at renderRoot (C:\Users\alexa\Documents\Programing\GitHub\moooves\node_modules\@testing-library\react\dist\pure.js:180:26)
          at render (C:\Users\alexa\Documents\Programing\GitHub\moooves\node_modules\@testing-library\react\dist\pure.js:271:10)
          at Object.<anonymous> (C:\Users\alexa\Documents\Programing\GitHub\moooves\tests\features-integration.test.tsx:232:19)
          at Promise.then.completed (C:\Users\alexa\Documents\Programing\GitHub\moooves\node_modules\jest-circus\build\utils.js:298:28)
          at new Promise (<anonymous>)
          at callAsyncCircusFn (C:\Users\alexa\Documents\Programing\GitHub\moooves\node_modules\jest-circus\build\utils.js:231:10)
          at _callCircusTest (C:\Users\alexa\Documents\Programing\GitHub\moooves\node_modules\jest-circus\build\run.js:316:40)
          at _runTest (C:\Users\alexa\Documents\Programing\GitHub\moooves\node_modules\jest-circus\build\run.js:252:3)
          at _runTestsForDescribeBlock (C:\Users\alexa\Documents\Programing\GitHub\moooves\node_modules\jest-circus\build\run.js:126:9)
          at _runTestsForDescribeBlock (C:\Users\alexa\Documents\Programing\GitHub\moooves\node_modules\jest-circus\build\run.js:121:9)
          at _runTestsForDescribeBlock (C:\Users\alexa\Documents\Programing\GitHub\moooves\node_modules\jest-circus\build\run.js:121:9)
          at run (C:\Users\alexa\Documents\Programing\GitHub\moooves\node_modules\jest-circus\build\run.js:71:3)
          at runAndTransformResultsToJestFormat (C:\Users\alexa\Documents\Programing\GitHub\moooves\node_modules\jest-circus\build\legacy-code-todo-rewrite\jestAdapterInit.js:122:21)
          at jestAdapter (C:\Users\alexa\Documents\Programing\GitHub\moooves\node_modules\jest-circus\build\legacy-code-todo-rewrite\jestAdapter.js:79:19)
          at runTestInternal (C:\Users\alexa\Documents\Programing\GitHub\moooves\node_modules\jest-runner\build\runTest.js:367:16)
          at runTest (C:\Users\alexa\Documents\Programing\GitHub\moooves\node_modules\jest-runner\build\runTest.js:444:34),
      type: 'unhandled exception'
    }

    [0m [90m 230 |[39m             }))
     [90m 231 |[39m
    [31m[1m>[22m[39m[90m 232 |[39m             render([33m<[39m[33mBattleGround[39m gameMode[33m=[39m[32m"player-vs-player"[39m [33m/[39m[33m>[39m)
     [90m     |[39m                   [31m[1m^[22m[39m
     [90m 233 |[39m
     [90m 234 |[39m             [90m// Force resize just to be safe[39m
     [90m 235 |[39m             act(() [33m=>[39m {[0m

      at VirtualConsole.<anonymous> (node_modules/jest-environment-jsdom/build/index.js:63:23)
      at reportException (node_modules/jsdom/lib/jsdom/living/helpers/runtime-script-errors.js:70:28)
      at innerInvokeEventListeners (node_modules/jsdom/lib/jsdom/living/events/EventTarget-impl.js:353:9)
      at invokeEventListeners (node_modules/jsdom/lib/jsdom/living/events/EventTarget-impl.js:286:3)
      at HTMLUnknownElementImpl._dispatch (node_modules/jsdom/lib/jsdom/living/events/EventTarget-impl.js:233:9)
      at HTMLUnknownElementImpl.dispatchEvent (node_modules/jsdom/lib/jsdom/living/events/EventTarget-impl.js:104:17)
      at HTMLUnknownElement.dispatchEvent (node_modules/jsdom/lib/jsdom/living/generated/EventTarget.js:241:34)
      at Object.invokeGuardedCallbackDev (node_modules/react-dom/cjs/react-dom.development.js:4213:16)
      at invokeGuardedCallback (node_modules/react-dom/cjs/react-dom.development.js:4277:31)
      at beginWork$1 (node_modules/react-dom/cjs/react-dom.development.js:27490:7)
      at performUnitOfWork (node_modules/react-dom/cjs/react-dom.development.js:26599:12)
      at workLoopSync (node_modules/react-dom/cjs/react-dom.development.js:26505:5)
      at renderRootSync (node_modules/react-dom/cjs/react-dom.development.js:26473:7)
      at performConcurrentWorkOnRoot (node_modules/react-dom/cjs/react-dom.development.js:25777:74)
      at flushActQueue (node_modules/react/cjs/react.development.js:2667:24)
      at act (node_modules/react/cjs/react.development.js:2582:11)
      at node_modules/@testing-library/react/dist/act-compat.js:47:25
      at renderRoot (node_modules/@testing-library/react/dist/pure.js:180:26)
      at render (node_modules/@testing-library/react/dist/pure.js:271:10)
      at Object.<anonymous> (tests/features-integration.test.tsx:232:19)

  console.error
    Error: Uncaught [Error: useGameRules must be used inside GameRulesProvider]
        at reportException (C:\Users\alexa\Documents\Programing\GitHub\moooves\node_modules\jsdom\lib\jsdom\living\helpers\runtime-script-errors.js:66:24)
        at innerInvokeEventListeners (C:\Users\alexa\Documents\Programing\GitHub\moooves\node_modules\jsdom\lib\jsdom\living\events\EventTarget-impl.js:353:9)
        at invokeEventListeners (C:\Users\alexa\Documents\Programing\GitHub\moooves\node_modules\jsdom\lib\jsdom\living\events\EventTarget-impl.js:286:3)
        at HTMLUnknownElementImpl._dispatch (C:\Users\alexa\Documents\Programing\GitHub\moooves\node_modules\jsdom\lib\jsdom\living\events\EventTarget-impl.js:233:9)
        at HTMLUnknownElementImpl.dispatchEvent (C:\Users\alexa\Documents\Programing\GitHub\moooves\node_modules\jsdom\lib\jsdom\living\events\EventTarget-impl.js:104:17)
        at HTMLUnknownElement.dispatchEvent (C:\Users\alexa\Documents\Programing\GitHub\moooves\node_modules\jsdom\lib\jsdom\living\generated\EventTarget.js:241:34)
        at Object.invokeGuardedCallbackDev (C:\Users\alexa\Documents\Programing\GitHub\moooves\node_modules\react-dom\cjs\react-dom.development.js:4213:16)
        at invokeGuardedCallback (C:\Users\alexa\Documents\Programing\GitHub\moooves\node_modules\react-dom\cjs\react-dom.development.js:4277:31)
        at beginWork$1 (C:\Users\alexa\Documents\Programing\GitHub\moooves\node_modules\react-dom\cjs\react-dom.development.js:27490:7)
        at performUnitOfWork (C:\Users\alexa\Documents\Programing\GitHub\moooves\node_modules\react-dom\cjs\react-dom.development.js:26599:12)
        at workLoopSync (C:\Users\alexa\Documents\Programing\GitHub\moooves\node_modules\react-dom\cjs\react-dom.development.js:26505:5)
        at renderRootSync (C:\Users\alexa\Documents\Programing\GitHub\moooves\node_modules\react-dom\cjs\react-dom.development.js:26473:7)
        at recoverFromConcurrentError (C:\Users\alexa\Documents\Programing\GitHub\moooves\node_modules\react-dom\cjs\react-dom.development.js:25889:20)
        at performConcurrentWorkOnRoot (C:\Users\alexa\Documents\Programing\GitHub\moooves\node_modules\react-dom\cjs\react-dom.development.js:25789:22)
        at flushActQueue (C:\Users\alexa\Documents\Programing\GitHub\moooves\node_modules\react\cjs\react.development.js:2667:24)
        at act (C:\Users\alexa\Documents\Programing\GitHub\moooves\node_modules\react\cjs\react.development.js:2582:11)
        at C:\Users\alexa\Documents\Programing\GitHub\moooves\node_modules\@testing-library\react\dist\act-compat.js:47:25
        at renderRoot (C:\Users\alexa\Documents\Programing\GitHub\moooves\node_modules\@testing-library\react\dist\pure.js:180:26)
        at render (C:\Users\alexa\Documents\Programing\GitHub\moooves\node_modules\@testing-library\react\dist\pure.js:271:10)
        at Object.<anonymous> (C:\Users\alexa\Documents\Programing\GitHub\moooves\tests\features-integration.test.tsx:232:19)
        at Promise.then.completed (C:\Users\alexa\Documents\Programing\GitHub\moooves\node_modules\jest-circus\build\utils.js:298:28)
        at new Promise (<anonymous>)
        at callAsyncCircusFn (C:\Users\alexa\Documents\Programing\GitHub\moooves\node_modules\jest-circus\build\utils.js:231:10)
        at _callCircusTest (C:\Users\alexa\Documents\Programing\GitHub\moooves\node_modules\jest-circus\build\run.js:316:40)
        at _runTest (C:\Users\alexa\Documents\Programing\GitHub\moooves\node_modules\jest-circus\build\run.js:252:3)
        at _runTestsForDescribeBlock (C:\Users\alexa\Documents\Programing\GitHub\moooves\node_modules\jest-circus\build\run.js:126:9)
        at _runTestsForDescribeBlock (C:\Users\alexa\Documents\Programing\GitHub\moooves\node_modules\jest-circus\build\run.js:121:9)
        at _runTestsForDescribeBlock (C:\Users\alexa\Documents\Programing\GitHub\moooves\node_modules\jest-circus\build\run.js:121:9)
        at run (C:\Users\alexa\Documents\Programing\GitHub\moooves\node_modules\jest-circus\build\run.js:71:3)
        at runAndTransformResultsToJestFormat (C:\Users\alexa\Documents\Programing\GitHub\moooves\node_modules\jest-circus\build\legacy-code-todo-rewrite\jestAdapterInit.js:122:21)
        at jestAdapter (C:\Users\alexa\Documents\Programing\GitHub\moooves\node_modules\jest-circus\build\legacy-code-todo-rewrite\jestAdapter.js:79:19)
        at runTestInternal (C:\Users\alexa\Documents\Programing\GitHub\moooves\node_modules\jest-runner\build\runTest.js:367:16)
        at runTest (C:\Users\alexa\Documents\Programing\GitHub\moooves\node_modules\jest-runner\build\runTest.js:444:34) {
      detail: Error: useGameRules must be used inside GameRulesProvider
          at useGameRules (C:\Users\alexa\Documents\Programing\GitHub\moooves\components\game\GameRulesProvider.tsx:31:11)
          at BattleGround (C:\Users\alexa\Documents\Programing\GitHub\moooves\components\game\battle-ground.tsx:64:37)
          at renderWithHooks (C:\Users\alexa\Documents\Programing\GitHub\moooves\node_modules\react-dom\cjs\react-dom.development.js:15486:18)
          at mountIndeterminateComponent (C:\Users\alexa\Documents\Programing\GitHub\moooves\node_modules\react-dom\cjs\react-dom.development.js:20103:13)
          at beginWork (C:\Users\alexa\Documents\Programing\GitHub\moooves\node_modules\react-dom\cjs\react-dom.development.js:21626:16)
          at HTMLUnknownElement.callCallback (C:\Users\alexa\Documents\Programing\GitHub\moooves\node_modules\react-dom\cjs\react-dom.development.js:4164:14)
          at HTMLUnknownElement.callTheUserObjectsOperation (C:\Users\alexa\Documents\Programing\GitHub\moooves\node_modules\jsdom\lib\jsdom\living\generated\EventListener.js:26:30)
          at innerInvokeEventListeners (C:\Users\alexa\Documents\Programing\GitHub\moooves\node_modules\jsdom\lib\jsdom\living\events\EventTarget-impl.js:350:25)
          at invokeEventListeners (C:\Users\alexa\Documents\Programing\GitHub\moooves\node_modules\jsdom\lib\jsdom\living\events\EventTarget-impl.js:286:3)
          at HTMLUnknownElementImpl._dispatch (C:\Users\alexa\Documents\Programing\GitHub\moooves\node_modules\jsdom\lib\jsdom\living\events\EventTarget-impl.js:233:9)
          at HTMLUnknownElementImpl.dispatchEvent (C:\Users\alexa\Documents\Programing\GitHub\moooves\node_modules\jsdom\lib\jsdom\living\events\EventTarget-impl.js:104:17)
          at HTMLUnknownElement.dispatchEvent (C:\Users\alexa\Documents\Programing\GitHub\moooves\node_modules\jsdom\lib\jsdom\living\generated\EventTarget.js:241:34)
          at Object.invokeGuardedCallbackDev (C:\Users\alexa\Documents\Programing\GitHub\moooves\node_modules\react-dom\cjs\react-dom.development.js:4213:16)
          at invokeGuardedCallback (C:\Users\alexa\Documents\Programing\GitHub\moooves\node_modules\react-dom\cjs\react-dom.development.js:4277:31)
          at beginWork$1 (C:\Users\alexa\Documents\Programing\GitHub\moooves\node_modules\react-dom\cjs\react-dom.development.js:27490:7)
          at performUnitOfWork (C:\Users\alexa\Documents\Programing\GitHub\moooves\node_modules\react-dom\cjs\react-dom.development.js:26599:12)
          at workLoopSync (C:\Users\alexa\Documents\Programing\GitHub\moooves\node_modules\react-dom\cjs\react-dom.development.js:26505:5)
          at renderRootSync (C:\Users\alexa\Documents\Programing\GitHub\moooves\node_modules\react-dom\cjs\react-dom.development.js:26473:7)
          at recoverFromConcurrentError (C:\Users\alexa\Documents\Programing\GitHub\moooves\node_modules\react-dom\cjs\react-dom.development.js:25889:20)
          at performConcurrentWorkOnRoot (C:\Users\alexa\Documents\Programing\GitHub\moooves\node_modules\react-dom\cjs\react-dom.development.js:25789:22)
          at flushActQueue (C:\Users\alexa\Documents\Programing\GitHub\moooves\node_modules\react\cjs\react.development.js:2667:24)
          at act (C:\Users\alexa\Documents\Programing\GitHub\moooves\node_modules\react\cjs\react.development.js:2582:11)
          at C:\Users\alexa\Documents\Programing\GitHub\moooves\node_modules\@testing-library\react\dist\act-compat.js:47:25
          at renderRoot (C:\Users\alexa\Documents\Programing\GitHub\moooves\node_modules\@testing-library\react\dist\pure.js:180:26)
          at render (C:\Users\alexa\Documents\Programing\GitHub\moooves\node_modules\@testing-library\react\dist\pure.js:271:10)
          at Object.<anonymous> (C:\Users\alexa\Documents\Programing\GitHub\moooves\tests\features-integration.test.tsx:232:19)
          at Promise.then.completed (C:\Users\alexa\Documents\Programing\GitHub\moooves\node_modules\jest-circus\build\utils.js:298:28)
          at new Promise (<anonymous>)
          at callAsyncCircusFn (C:\Users\alexa\Documents\Programing\GitHub\moooves\node_modules\jest-circus\build\utils.js:231:10)
          at _callCircusTest (C:\Users\alexa\Documents\Programing\GitHub\moooves\node_modules\jest-circus\build\run.js:316:40)
          at _runTest (C:\Users\alexa\Documents\Programing\GitHub\moooves\node_modules\jest-circus\build\run.js:252:3)
          at _runTestsForDescribeBlock (C:\Users\alexa\Documents\Programing\GitHub\moooves\node_modules\jest-circus\build\run.js:126:9)
          at _runTestsForDescribeBlock (C:\Users\alexa\Documents\Programing\GitHub\moooves\node_modules\jest-circus\build\run.js:121:9)
          at _runTestsForDescribeBlock (C:\Users\alexa\Documents\Programing\GitHub\moooves\node_modules\jest-circus\build\run.js:121:9)
          at run (C:\Users\alexa\Documents\Programing\GitHub\moooves\node_modules\jest-circus\build\run.js:71:3)
          at runAndTransformResultsToJestFormat (C:\Users\alexa\Documents\Programing\GitHub\moooves\node_modules\jest-circus\build\legacy-code-todo-rewrite\jestAdapterInit.js:122:21)
          at jestAdapter (C:\Users\alexa\Documents\Programing\GitHub\moooves\node_modules\jest-circus\build\legacy-code-todo-rewrite\jestAdapter.js:79:19)
          at runTestInternal (C:\Users\alexa\Documents\Programing\GitHub\moooves\node_modules\jest-runner\build\runTest.js:367:16)
          at runTest (C:\Users\alexa\Documents\Programing\GitHub\moooves\node_modules\jest-runner\build\runTest.js:444:34),
      type: 'unhandled exception'
    }

    [0m [90m 230 |[39m             }))
     [90m 231 |[39m
    [31m[1m>[22m[39m[90m 232 |[39m             render([33m<[39m[33mBattleGround[39m gameMode[33m=[39m[32m"player-vs-player"[39m [33m/[39m[33m>[39m)
     [90m     |[39m                   [31m[1m^[22m[39m
     [90m 233 |[39m
     [90m 234 |[39m             [90m// Force resize just to be safe[39m
     [90m 235 |[39m             act(() [33m=>[39m {[0m

      at VirtualConsole.<anonymous> (node_modules/jest-environment-jsdom/build/index.js:63:23)
      at reportException (node_modules/jsdom/lib/jsdom/living/helpers/runtime-script-errors.js:70:28)
      at innerInvokeEventListeners (node_modules/jsdom/lib/jsdom/living/events/EventTarget-impl.js:353:9)
      at invokeEventListeners (node_modules/jsdom/lib/jsdom/living/events/EventTarget-impl.js:286:3)
      at HTMLUnknownElementImpl._dispatch (node_modules/jsdom/lib/jsdom/living/events/EventTarget-impl.js:233:9)
      at HTMLUnknownElementImpl.dispatchEvent (node_modules/jsdom/lib/jsdom/living/events/EventTarget-impl.js:104:17)
      at HTMLUnknownElement.dispatchEvent (node_modules/jsdom/lib/jsdom/living/generated/EventTarget.js:241:34)
      at Object.invokeGuardedCallbackDev (node_modules/react-dom/cjs/react-dom.development.js:4213:16)
      at invokeGuardedCallback (node_modules/react-dom/cjs/react-dom.development.js:4277:31)
      at beginWork$1 (node_modules/react-dom/cjs/react-dom.development.js:27490:7)
      at performUnitOfWork (node_modules/react-dom/cjs/react-dom.development.js:26599:12)
      at workLoopSync (node_modules/react-dom/cjs/react-dom.development.js:26505:5)
      at renderRootSync (node_modules/react-dom/cjs/react-dom.development.js:26473:7)
      at recoverFromConcurrentError (node_modules/react-dom/cjs/react-dom.development.js:25889:20)
      at performConcurrentWorkOnRoot (node_modules/react-dom/cjs/react-dom.development.js:25789:22)
      at flushActQueue (node_modules/react/cjs/react.development.js:2667:24)
      at act (node_modules/react/cjs/react.development.js:2582:11)
      at node_modules/@testing-library/react/dist/act-compat.js:47:25
      at renderRoot (node_modules/@testing-library/react/dist/pure.js:180:26)
      at render (node_modules/@testing-library/react/dist/pure.js:271:10)
      at Object.<anonymous> (tests/features-integration.test.tsx:232:19)

  console.error
    The above error occurred in the <BattleGround> component:
    
        at initialGameMode (C:\Users\alexa\Documents\Programing\GitHub\moooves\components\game\battle-ground.tsx:35:13)
    
    Consider adding an error boundary to your tree to customize error handling behavior.
    Visit https://reactjs.org/link/error-boundaries to learn more about error boundaries.

    [0m [90m 230 |[39m             }))
     [90m 231 |[39m
    [31m[1m>[22m[39m[90m 232 |[39m             render([33m<[39m[33mBattleGround[39m gameMode[33m=[39m[32m"player-vs-player"[39m [33m/[39m[33m>[39m)
     [90m     |[39m                   [31m[1m^[22m[39m
     [90m 233 |[39m
     [90m 234 |[39m             [90m// Force resize just to be safe[39m
     [90m 235 |[39m             act(() [33m=>[39m {[0m

      at logCapturedError (node_modules/react-dom/cjs/react-dom.development.js:18704:23)
      at update.callback (node_modules/react-dom/cjs/react-dom.development.js:18737:5)
      at callCallback (node_modules/react-dom/cjs/react-dom.development.js:15036:12)
      at commitUpdateQueue (node_modules/react-dom/cjs/react-dom.development.js:15057:9)
      at commitLayoutEffectOnFiber (node_modules/react-dom/cjs/react-dom.development.js:23430:13)
      at commitLayoutMountEffects_complete (node_modules/react-dom/cjs/react-dom.development.js:24727:9)
      at commitLayoutEffects_begin (node_modules/react-dom/cjs/react-dom.development.js:24713:7)
      at commitLayoutEffects (node_modules/react-dom/cjs/react-dom.development.js:24651:3)
      at commitRootImpl (node_modules/react-dom/cjs/react-dom.development.js:26862:5)
      at commitRoot (node_modules/react-dom/cjs/react-dom.development.js:26721:5)
      at finishConcurrentRender (node_modules/react-dom/cjs/react-dom.development.js:25931:9)
      at performConcurrentWorkOnRoot (node_modules/react-dom/cjs/react-dom.development.js:25848:7)
      at flushActQueue (node_modules/react/cjs/react.development.js:2667:24)
      at act (node_modules/react/cjs/react.development.js:2582:11)
      at node_modules/@testing-library/react/dist/act-compat.js:47:25
      at renderRoot (node_modules/@testing-library/react/dist/pure.js:180:26)
      at render (node_modules/@testing-library/react/dist/pure.js:271:10)
      at Object.<anonymous> (tests/features-integration.test.tsx:232:19)

node.exe : FAIL tests/featur
es-integration.test.tsx 
(16.439 s)
At 
C:\nvm4w\nodejs\npm.ps1:16 
char:5
+     & "$basedir/node$exe" 
 "$basedir/node_modules/npm/
bin/npm-cli.js" ...
+     ~~~~~~~~~~~~~~~~~~~~~~
~~~~~~~~~~~~~~~~~~~~~~~~~~~~
~~~~~~~~~~~~~~~
    + CategoryInfo          
    : NotSpecified: (FAIL   
  tests/feat....tsx (16.4   
 39 s):String) [], Remot    
eException
    + FullyQualifiedErrorId 
    : NativeCommandError
 
  Comprehensive Feature 
Tests
    Live Match Feature
      ΓêÜ should handle 
Match Creation correctly 
(using correct Swagger 
keys) (730 ms)
      ├ù should handle 
Joining by Code correctly 
(9 ms)
    Tournament Payment Flow
      ├ù should initiate 
payment and handle redirect 
url (8 ms)
      ├ù should verify 
payment and complete join 
on return (8 ms)
    Gameplay Interaction 
(Mobile vs Desktop)
      ├ù should require 
DOUBLE TAP on Mobile (1115 
ms)
      ├ù should allow 
SINGLE CLICK on Desktop 
(279 ms)

  ΓùÅ Comprehensive Feature 
Tests ΓÇ║ Live Match 
Feature ΓÇ║ should handle 
Joining by Code correctly

    TypeError: jest.spyOn(..
.).mockReturnValue(...)(...)
.mockResolvedValue is not a 
function

    [0m [90m 82 |[39m    
         jest[33m.[39mspyO
n(require([32m"next/navigat
ion"[39m)[33m,[39m [32m"
useRouter"[39m)[33m.[39mm
ockReturnValue({ 
push[33m:[39m mockPush })
     [90m 83 |[39m
    
[31m[1m>[22m[39m[90m 
84 |[39m                 (a
piClient[33m.[39mjoinMatch
ByCode [36mas[39m jest[33
m.[39m[33mMock[39m)[33m.
[39mmockResolvedValue({
     [90m    |[39m        
                            
                      
[31m[1m^[22m[39m
     [90m 85 |[39m        
             
success[33m:[39m 
[36mtrue[39m[33m,[39m
     [90m 86 |[39m        
             
data[33m:[39m { 
matchId[33m:[39m 
[32m"match-456"[39m 
}[33m,[39m
     [90m 87 |[39m        
         })[0m

      at 
Object.mockResolvedValue (te
sts/features-integration.tes
t.tsx:84:58)

  ΓùÅ Comprehensive Feature 
Tests ΓÇ║ Tournament 
Payment Flow ΓÇ║ should 
initiate payment and handle 
redirect url

    TypeError: 
Object.defineProperty(...) 
is not a function

    [0m [90m 122 |[39m   
              
[36mset[39m[33m:[39m 
mockHref[33m,[39m
     [90m 123 |[39m       
          
[36mget[39m[33m:[39m () 
[33m=>[39m [32m"http://lo
calhost/curr"[39m[33m,[39
m
    
[31m[1m>[22m[39m[90m 
124 |[39m             })
     [90m     |[39m       
      [31m[1m^[22m[39m
     [90m 125 |[39m
     [90m 126 |[39m       
          [90m// Mock Init 
call[39m
     [90m 127 |[39m       
          (apiClient[33m.[
39minitWalletTransaction 
[36mas[39m jest[33m.[39m
[33mMock[39m)[33m.[39mmo
ckResolvedValue({[0m

      at Object.<anonymous> 
(tests/features-integration.
test.tsx:124:13)

  ΓùÅ Comprehensive Feature 
Tests ΓÇ║ Tournament 
Payment Flow ΓÇ║ should 
verify payment and complete 
join on return

    TypeError: jest.spyOn(..
.).mockReturnValue(...)(...)
.mockResolvedValue is not a 
function

    [0m [90m 164 |[39m
     [90m 165 |[39m       
          [90m// API 
Mocks[39m
    
[31m[1m>[22m[39m[90m 
166 |[39m                 (
apiClient[33m.[39mverifyWa
lletTransaction 
[36mas[39m jest[33m.[39m
[33mMock[39m)[33m.[39mmo
ckResolvedValue({ 
success[33m:[39m 
[36mtrue[39m })
     [90m     |[39m       
                            
                            
   [31m[1m^[22m[39m
     [90m 167 |[39m       
          (apiClient[33m.[
39mjoinTournamentWithCode 
[36mas[39m jest[33m.[39m
[33mMock[39m)[33m.[39mmo
ckResolvedValue({ 
success[33m:[39m 
[36mtrue[39m })
     [90m 168 |[39m
     [90m 169 |[39m       
      render([33m<[39m[33
mJoinTournamentFlow[39m tou
rnament[33m=[39m{mockTourn
ament} inviteCode[33m=[39m
[32m"INV-1"[39m 
[33m/[39m[33m>[39m)[0m

      at 
Object.mockResolvedValue (te
sts/features-integration.tes
t.tsx:166:66)

  ΓùÅ Comprehensive Feature 
Tests ΓÇ║ Gameplay 
Interaction (Mobile vs 
Desktop) ΓÇ║ should require 
DOUBLE TAP on Mobile

    useGameRules must be 
used inside 
GameRulesProvider

    [0m [90m 29 |[39m   
[36mconst[39m ctx 
[33m=[39m useContext([33m
GameRulesContext[39m)
     [90m 30 |[39m   
[36mif[39m 
([33m![39mctx) {
    
[31m[1m>[22m[39m[90m 
31 |[39m     
[36mthrow[39m 
[36mnew[39m [33mError[39
m([32m"useGameRules must 
be used inside 
GameRulesProvider"[39m)
     [90m    |[39m        
   [31m[1m^[22m[39m
     [90m 32 |[39m   }
     [90m 33 |[39m   
[36mreturn[39m ctx
     [90m 34 |[39m }[0m

      at useGameRules (compo
nents/game/GameRulesProvider
.tsx:31:11)
      at BattleGround (compo
nents/game/battle-ground.tsx
:64:37)
      at renderWithHooks (no
de_modules/react-dom/cjs/rea
ct-dom.development.js:15486:
18)
      at 
mountIndeterminateComponent 
(node_modules/react-dom/cjs/
react-dom.development.js:201
03:13)
      at beginWork (node_mod
ules/react-dom/cjs/react-dom
.development.js:21626:16)
      at beginWork$1 (node_m
odules/react-dom/cjs/react-d
om.development.js:27465:14)
      at performUnitOfWork (
node_modules/react-dom/cjs/r
eact-dom.development.js:2659
9:12)
      at workLoopSync (node_
modules/react-dom/cjs/react-
dom.development.js:26505:5)
      at renderRootSync (nod
e_modules/react-dom/cjs/reac
t-dom.development.js:26473:7
)
      at 
recoverFromConcurrentError (
node_modules/react-dom/cjs/r
eact-dom.development.js:2588
9:20)
      at 
performConcurrentWorkOnRoot 
(node_modules/react-dom/cjs/
react-dom.development.js:257
89:22)
      at flushActQueue (node
_modules/react/cjs/react.dev
elopment.js:2667:24)
      at act (node_modules/r
eact/cjs/react.development.j
s:2582:11)
      at node_modules/@testi
ng-library/react/dist/act-co
mpat.js:47:25
      at renderRoot (node_mo
dules/@testing-library/react
/dist/pure.js:180:26)
      at render (node_module
s/@testing-library/react/dis
t/pure.js:271:10)
      at Object.<anonymous> 
(tests/features-integration.
test.tsx:199:19)

  ΓùÅ Comprehensive Feature 
Tests ΓÇ║ Gameplay 
Interaction (Mobile vs 
Desktop) ΓÇ║ should allow 
SINGLE CLICK on Desktop

    useGameRules must be 
used inside 
GameRulesProvider

    [0m [90m 29 |[39m   
[36mconst[39m ctx 
[33m=[39m useContext([33m
GameRulesContext[39m)
     [90m 30 |[39m   
[36mif[39m 
([33m![39mctx) {
    
[31m[1m>[22m[39m[90m 
31 |[39m     
[36mthrow[39m 
[36mnew[39m [33mError[39
m([32m"useGameRules must 
be used inside 
GameRulesProvider"[39m)
     [90m    |[39m        
   [31m[1m^[22m[39m
     [90m 32 |[39m   }
     [90m 33 |[39m   
[36mreturn[39m ctx
     [90m 34 |[39m }[0m

      at useGameRules (compo
nents/game/GameRulesProvider
.tsx:31:11)
      at BattleGround (compo
nents/game/battle-ground.tsx
:64:37)
      at renderWithHooks (no
de_modules/react-dom/cjs/rea
ct-dom.development.js:15486:
18)
      at 
mountIndeterminateComponent 
(node_modules/react-dom/cjs/
react-dom.development.js:201
03:13)
      at beginWork (node_mod
ules/react-dom/cjs/react-dom
.development.js:21626:16)
      at beginWork$1 (node_m
odules/react-dom/cjs/react-d
om.development.js:27465:14)
      at performUnitOfWork (
node_modules/react-dom/cjs/r
eact-dom.development.js:2659
9:12)
      at workLoopSync (node_
modules/react-dom/cjs/react-
dom.development.js:26505:5)
      at renderRootSync (nod
e_modules/react-dom/cjs/reac
t-dom.development.js:26473:7
)
      at 
recoverFromConcurrentError (
node_modules/react-dom/cjs/r
eact-dom.development.js:2588
9:20)
      at 
performConcurrentWorkOnRoot 
(node_modules/react-dom/cjs/
react-dom.development.js:257
89:22)
      at flushActQueue (node
_modules/react/cjs/react.dev
elopment.js:2667:24)
      at act (node_modules/r
eact/cjs/react.development.j
s:2582:11)
      at node_modules/@testi
ng-library/react/dist/act-co
mpat.js:47:25
      at renderRoot (node_mo
dules/@testing-library/react
/dist/pure.js:180:26)
      at render (node_module
s/@testing-library/react/dis
t/pure.js:271:10)
      at Object.<anonymous> 
(tests/features-integration.
test.tsx:232:19)

Test Suites: 1 failed, 1 
total
Tests:       5 failed, 1 
passed, 6 total
Snapshots:   0 total
Time:        41.931 s, 
estimated 67 s
Ran all test suites 
matching /tests\\features-in
tegration.test.tsx/i.
