
> moooves-game@0.1.0 test
> jest --runInBand tests/features-integration.test.tsx

node.exe : FAIL tests/featur
es-integration.test.tsx 
(42.111 s)
At 
C:\nvm4w\nodejs\npm.ps1:16 
char:5
+     & "$basedir/node$exe" 
 "$basedir/node_modules/npm/
bin/npm-cli.js" ...
+     ~~~~~~~~~~~~~~~~~~~~~~
~~~~~~~~~~~~~~~~~~~~~~~~~~~~
~~~~~~~~~~~~~~~
    + CategoryInfo          
    : NotSpecified: (FAIL   
  tests/feat....tsx (42.1   
 11 s):String) [], Remot    
eException
    + FullyQualifiedErrorId 
    : NativeCommandError
 
  Comprehensive Feature 
Tests
    Live Match Feature
      ΓêÜ should handle 
Match Creation correctly 
(using correct Swagger 
keys) (150 ms)
      ├ù should handle 
Joining by Code correctly 
(2 ms)
    Tournament Payment Flow
      ├ù should initiate 
payment and handle redirect 
url (2 ms)
      ├ù should verify 
payment and complete join 
on return (4 ms)
    Gameplay Interaction 
(Mobile vs Desktop)
      ΓêÜ should require 
DOUBLE TAP on Mobile (15918 
ms)
      ΓêÜ should allow 
SINGLE CLICK on Desktop 
(23864 ms)

  ΓùÅ Comprehensive Feature 
Tests ΓÇ║ Live Match 
Feature ΓÇ║ should handle 
Joining by Code correctly

    TypeError: jest.spyOn(..
.).mockReturnValue(...)(...)
.mockResolvedValue is not a 
function

    [0m [90m 83 |[39m    
         jest[33m.[39mspyO
n(require([32m"next/navigat
ion"[39m)[33m,[39m [32m"
useRouter"[39m)[33m.[39mm
ockReturnValue({ 
push[33m:[39m mockPush })
     [90m 84 |[39m
    
[31m[1m>[22m[39m[90m 
85 |[39m                 (a
piClient[33m.[39mjoinMatch
ByCode [36mas[39m jest[33
m.[39m[33mMock[39m)[33m.
[39mmockResolvedValue({
     [90m    |[39m        
                            
                      
[31m[1m^[22m[39m
     [90m 86 |[39m        
             
success[33m:[39m 
[36mtrue[39m[33m,[39m
     [90m 87 |[39m        
             
data[33m:[39m { 
matchId[33m:[39m 
[32m"match-456"[39m 
}[33m,[39m
     [90m 88 |[39m        
         })[0m

      at 
Object.mockResolvedValue (te
sts/features-integration.tes
t.tsx:85:58)

  ΓùÅ Comprehensive Feature 
Tests ΓÇ║ Tournament 
Payment Flow ΓÇ║ should 
initiate payment and handle 
redirect url

    TypeError: 
Object.defineProperty(...) 
is not a function

    [0m [90m 123 |[39m   
              
[36mset[39m[33m:[39m 
mockHref[33m,[39m
     [90m 124 |[39m       
          
[36mget[39m[33m:[39m () 
[33m=>[39m [32m"http://lo
calhost/curr"[39m[33m,[39
m
    
[31m[1m>[22m[39m[90m 
125 |[39m             })
     [90m     |[39m       
      [31m[1m^[22m[39m
     [90m 126 |[39m
     [90m 127 |[39m       
          [90m// Mock Init 
call[39m
     [90m 128 |[39m       
          (apiClient[33m.[
39minitWalletTransaction 
[36mas[39m jest[33m.[39m
[33mMock[39m)[33m.[39mmo
ckResolvedValue({[0m

      at Object.<anonymous> 
(tests/features-integration.
test.tsx:125:13)

  ΓùÅ Comprehensive Feature 
Tests ΓÇ║ Tournament 
Payment Flow ΓÇ║ should 
verify payment and complete 
join on return

    TypeError: jest.spyOn(..
.).mockReturnValue(...)(...)
.mockResolvedValue is not a 
function

    [0m [90m 165 |[39m
     [90m 166 |[39m       
          [90m// API 
Mocks[39m
    
[31m[1m>[22m[39m[90m 
167 |[39m                 (
apiClient[33m.[39mverifyWa
lletTransaction 
[36mas[39m jest[33m.[39m
[33mMock[39m)[33m.[39mmo
ckResolvedValue({ 
success[33m:[39m 
[36mtrue[39m })
     [90m     |[39m       
                            
                            
   [31m[1m^[22m[39m
     [90m 168 |[39m       
          (apiClient[33m.[
39mjoinTournamentWithCode 
[36mas[39m jest[33m.[39m
[33mMock[39m)[33m.[39mmo
ckResolvedValue({ 
success[33m:[39m 
[36mtrue[39m })
     [90m 169 |[39m
     [90m 170 |[39m       
      render([33m<[39m[33
mJoinTournamentFlow[39m tou
rnament[33m=[39m{mockTourn
ament} inviteCode[33m=[39m
[32m"INV-1"[39m 
[33m/[39m[33m>[39m)[0m

      at 
Object.mockResolvedValue (te
sts/features-integration.tes
t.tsx:167:66)

Test Suites: 1 failed, 1 
total
Tests:       3 failed, 3 
passed, 6 total
Snapshots:   0 total
Time:        48.047 s, 
estimated 60 s
Ran all test suites 
matching /tests\\features-in
tegration.test.tsx/i.
