
> moooves-game@0.1.0 test
> jest --runInBand tests/features-integration.test.tsx

  console.error
    Error: Uncaught [Error: useGameRules must be used inside GameRulesProvider]
        at reportException (C:\Users\alexa\Documents\Programing\GitHub\moooves\node_modules\jsdom\lib\jsdom\living\helpers\runtime-script-errors.js:66:24)
        at innerInvokeEventListeners (C:\Users\alexa\Documents\Programing\GitHub\moooves\node_modules\jsdom\lib\jsdom\living\events\EventTarget-impl.js:353:9)
        at invokeEventListeners (C:\Users\alexa\Documents\Programing\GitHub\moooves\node_modules\jsdom\lib\jsdom\living\events\EventTarget-impl.js:286:3)
        at HTMLUnknownElementImpl._dispatch (C:\Users\alexa\Documents\Programing\GitHub\moooves\node_modules\jsdom\lib\jsdom\living\events\EventTarget-impl.js:233:9)
        at HTMLUnknownElementImpl.dispatchEvent (C:\Users\alexa\Documents\Programing\GitHub\moooves\node_modules\jsdom\lib\jsdom\living\events\EventTarget-impl.js:104:17)
        at HTMLUnknownElement.dispatchEvent (C:\Users\alexa\Documents\Programing\GitHub\moooves\node_modules\jsdom\lib\jsdom\living\generated\EventTarget.js:241:34)
        at Object.invokeGuardedCallbackDev (C:\Users\alexa\Documents\Programing\GitHub\moooves\node_modules\react-dom\cjs\react-dom.development.js:4213:16)
        at invokeGuardedCallback (C:\Users\alexa\Documents\Programing\GitHub\moooves\node_modules\react-dom\cjs\react-dom.development.js:4277:31)
        at beginWork$1 (C:\Users\alexa\Documents\Programing\GitHub\moooves\node_modules\react-dom\cjs\react-dom.development.js:27490:7)
        at performUnitOfWork (C:\Users\alexa\Documents\Programing\GitHub\moooves\node_modules\react-dom\cjs\react-dom.development.js:26599:12)
        at workLoopSync (C:\Users\alexa\Documents\Programing\GitHub\moooves\node_modules\react-dom\cjs\react-dom.development.js:26505:5)
        at renderRootSync (C:\Users\alexa\Documents\Programing\GitHub\moooves\node_modules\react-dom\cjs\react-dom.development.js:26473:7)
        at performConcurrentWorkOnRoot (C:\Users\alexa\Documents\Programing\GitHub\moooves\node_modules\react-dom\cjs\react-dom.development.js:25777:74)
        at flushActQueue (C:\Users\alexa\Documents\Programing\GitHub\moooves\node_modules\react\cjs\react.development.js:2667:24)
        at act (C:\Users\alexa\Documents\Programing\GitHub\moooves\node_modules\react\cjs\react.development.js:2582:11)
        at C:\Users\alexa\Documents\Programing\GitHub\moooves\node_modules\@testing-library\react\dist\act-compat.js:47:25
        at renderRoot (C:\Users\alexa\Documents\Programing\GitHub\moooves\node_modules\@testing-library\react\dist\pure.js:180:26)
        at render (C:\Users\alexa\Documents\Programing\GitHub\moooves\node_modules\@testing-library\react\dist\pure.js:271:10)
        at Object.<anonymous> (C:\Users\alexa\Documents\Programing\GitHub\moooves\tests\features-integration.test.tsx:199:19)
        at Promise.then.completed (C:\Users\alexa\Documents\Programing\GitHub\moooves\node_modules\jest-circus\build\utils.js:298:28)
        at new Promise (<anonymous>)
        at callAsyncCircusFn (C:\Users\alexa\Documents\Programing\GitHub\moooves\node_modules\jest-circus\build\utils.js:231:10)
        at _callCircusTest (C:\Users\alexa\Documents\Programing\GitHub\moooves\node_modules\jest-circus\build\run.js:316:40)
        at _runTest (C:\Users\alexa\Documents\Programing\GitHub\moooves\node_modules\jest-circus\build\run.js:252:3)
        at _runTestsForDescribeBlock (C:\Users\alexa\Documents\Programing\GitHub\moooves\node_modules\jest-circus\build\run.js:126:9)
        at _runTestsForDescribeBlock (C:\Users\alexa\Documents\Programing\GitHub\moooves\node_modules\jest-circus\build\run.js:121:9)
        at _runTestsForDescribeBlock (C:\Users\alexa\Documents\Programing\GitHub\moooves\node_modules\jest-circus\build\run.js:121:9)
        at run (C:\Users\alexa\Documents\Programing\GitHub\moooves\node_modules\jest-circus\build\run.js:71:3)
        at runAndTransformResultsToJestFormat (C:\Users\alexa\Documents\Programing\GitHub\moooves\node_modules\jest-circus\build\legacy-code-todo-rewrite\jestAdapterInit.js:122:21)
        at jestAdapter (C:\Users\alexa\Documents\Programing\GitHub\moooves\node_modules\jest-circus\build\legacy-code-todo-rewrite\jestAdapter.js:79:19)
        at runTestInternal (C:\Users\alexa\Documents\Programing\GitHub\moooves\node_modules\jest-runner\build\runTest.js:367:16)
        at runTest (C:\Users\alexa\Documents\Programing\GitHub\moooves\node_modules\jest-runner\build\runTest.js:444:34) {
      detail: Error: useGameRules must be used inside GameRulesProvider
          at useGameRules (C:\Users\alexa\Documents\Programing\GitHub\moooves\components\game\GameRulesProvider.tsx:31:11)
          at BattleGround (C:\Users\alexa\Documents\Programing\GitHub\moooves\components\game\battle-ground.tsx:64:37)
          at renderWithHooks (C:\Users\alexa\Documents\Programing\GitHub\moooves\node_modules\react-dom\cjs\react-dom.development.js:15486:18)
          at mountIndeterminateComponent (C:\Users\alexa\Documents\Programing\GitHub\moooves\node_modules\react-dom\cjs\react-dom.development.js:20103:13)
          at beginWork (C:\Users\alexa\Documents\Programing\GitHub\moooves\node_modules\react-dom\cjs\react-dom.development.js:21626:16)
          at HTMLUnknownElement.callCallback (C:\Users\alexa\Documents\Programing\GitHub\moooves\node_modules\react-dom\cjs\react-dom.development.js:4164:14)
          at HTMLUnknownElement.callTheUserObjectsOperation (C:\Users\alexa\Documents\Programing\GitHub\moooves\node_modules\jsdom\lib\jsdom\living\generated\EventListener.js:26:30)
          at innerInvokeEventListeners (C:\Users\alexa\Documents\Programing\GitHub\moooves\node_modules\jsdom\lib\jsdom\living\events\EventTarget-impl.js:350:25)
          at invokeEventListeners (C:\Users\alexa\Documents\Programing\GitHub\moooves\node_modules\jsdom\lib\jsdom\living\events\EventTarget-impl.js:286:3)
          at HTMLUnknownElementImpl._dispatch (C:\Users\alexa\Documents\Programing\GitHub\moooves\node_modules\jsdom\lib\jsdom\living\events\EventTarget-impl.js:233:9)
          at HTMLUnknownElementImpl.dispatchEvent (C:\Users\alexa\Documents\Programing\GitHub\moooves\node_modules\jsdom\lib\jsdom\living\events\EventTarget-impl.js:104:17)
          at HTMLUnknownElement.dispatchEvent (C:\Users\alexa\Documents\Programing\GitHub\moooves\node_modules\jsdom\lib\jsdom\living\generated\EventTarget.js:241:34)
          at Object.invokeGuardedCallbackDev (C:\Users\alexa\Documents\Programing\GitHub\moooves\node_modules\react-dom\cjs\react-dom.development.js:4213:16)
          at invokeGuardedCallback (C:\Users\alexa\Documents\Programing\GitHub\moooves\node_modules\react-dom\cjs\react-dom.development.js:4277:31)
          at beginWork$1 (C:\Users\alexa\Documents\Programing\GitHub\moooves\node_modules\react-dom\cjs\react-dom.development.js:27490:7)
          at performUnitOfWork (C:\Users\alexa\Documents\Programing\GitHub\moooves\node_modules\react-dom\cjs\react-dom.development.js:26599:12)
          at workLoopSync (C:\Users\alexa\Documents\Programing\GitHub\moooves\node_modules\react-dom\cjs\react-dom.development.js:26505:5)
          at renderRootSync (C:\Users\alexa\Documents\Programing\GitHub\moooves\node_modules\react-dom\cjs\react-dom.development.js:26473:7)
          at performConcurrentWorkOnRoot (C:\Users\alexa\Documents\Programing\GitHub\moooves\node_modules\react-dom\cjs\react-dom.development.js:25777:74)
          at flushActQueue (C:\Users\alexa\Documents\Programing\GitHub\moooves\node_modules\react\cjs\react.development.js:2667:24)
          at act (C:\Users\alexa\Documents\Programing\GitHub\moooves\node_modules\react\cjs\react.development.js:2582:11)
          at C:\Users\alexa\Documents\Programing\GitHub\moooves\node_modules\@testing-library\react\dist\act-compat.js:47:25
          at renderRoot (C:\Users\alexa\Documents\Programing\GitHub\moooves\node_modules\@testing-library\react\dist\pure.js:180:26)
          at render (C:\Users\alexa\Documents\Programing\GitHub\moooves\node_modules\@testing-library\react\dist\pure.js:271:10)
          at Object.<anonymous> (C:\Users\alexa\Documents\Programing\GitHub\moooves\tests\features-integration.test.tsx:199:19)
          at Promise.then.completed (C:\Users\alexa\Documents\Programing\GitHub\moooves\node_modules\jest-circus\build\utils.js:298:28)
          at new Promise (<anonymous>)
          at callAsyncCircusFn (C:\Users\alexa\Documents\Programing\GitHub\moooves\node_modules\jest-circus\build\utils.js:231:10)
          at _callCircusTest (C:\Users\alexa\Documents\Programing\GitHub\moooves\node_modules\jest-circus\build\run.js:316:40)
          at _runTest (C:\Users\alexa\Documents\Programing\GitHub\moooves\node_modules\jest-circus\build\run.js:252:3)
          at _runTestsForDescribeBlock (C:\Users\alexa\Documents\Programing\GitHub\moooves\node_modules\jest-circus\build\run.js:126:9)
          at _runTestsForDescribeBlock (C:\Users\alexa\Documents\Programing\GitHub\moooves\node_modules\jest-circus\build\run.js:121:9)
          at _runTestsForDescribeBlock (C:\Users\alexa\Documents\Programing\GitHub\moooves\node_modules\jest-circus\build\run.js:121:9)
          at run (C:\Users\alexa\Documents\Programing\GitHub\moooves\node_modules\jest-circus\build\run.js:71:3)
          at runAndTransformResultsToJestFormat (C:\Users\alexa\Documents\Programing\GitHub\moooves\node_modules\jest-circus\build\legacy-code-todo-rewrite\jestAdapterInit.js:122:21)
          at jestAdapter (C:\Users\alexa\Documents\Programing\GitHub\moooves\node_modules\jest-circus\build\legacy-code-todo-rewrite\jestAdapter.js:79:19)
          at runTestInternal (C:\Users\alexa\Documents\Programing\GitHub\moooves\node_modules\jest-runner\build\runTest.js:367:16)
          at runTest (C:\Users\alexa\Documents\Programing\GitHub\moooves\node_modules\jest-runner\build\runTest.js:444:34),
      type: 'unhandled exception'
    }

    [0m [90m 197 |[39m             }))
     [90m 198 |[39m
    [31m[1m>[22m[39m[90m 199 |[39m             render([33m<[39m[33mBattleGround[39m gameMode[33m=[39m[32m"player-vs-player"[39m [33m/[39m[33m>[39m)
     [90m     |[39m                   [31m[1m^[22m[39m
     [90m 200 |[39m
     [90m 201 |[39m             [90m// Force mobile check effect to run[39m
     [90m 202 |[39m             act(() [33m=>[39m {[0m

      at VirtualConsole.<anonymous> (node_modules/jest-environment-jsdom/build/index.js:63:23)
      at reportException (node_modules/jsdom/lib/jsdom/living/helpers/runtime-script-errors.js:70:28)
      at innerInvokeEventListeners (node_modules/jsdom/lib/jsdom/living/events/EventTarget-impl.js:353:9)
      at invokeEventListeners (node_modules/jsdom/lib/jsdom/living/events/EventTarget-impl.js:286:3)
      at HTMLUnknownElementImpl._dispatch (node_modules/jsdom/lib/jsdom/living/events/EventTarget-impl.js:233:9)
      at HTMLUnknownElementImpl.dispatchEvent (node_modules/jsdom/lib/jsdom/living/events/EventTarget-impl.js:104:17)
      at HTMLUnknownElement.dispatchEvent (node_modules/jsdom/lib/jsdom/living/generated/EventTarget.js:241:34)
      at Object.invokeGuardedCallbackDev (node_modules/react-dom/cjs/react-dom.development.js:4213:16)
      at invokeGuardedCallback (node_modules/react-dom/cjs/react-dom.development.js:4277:31)
      at beginWork$1 (node_modules/react-dom/cjs/react-dom.development.js:27490:7)
      at performUnitOfWork (node_modules/react-dom/cjs/react-dom.development.js:26599:12)
      at workLoopSync (node_modules/react-dom/cjs/react-dom.development.js:26505:5)
      at renderRootSync (node_modules/react-dom/cjs/react-dom.development.js:26473:7)
      at performConcurrentWorkOnRoot (node_modules/react-dom/cjs/react-dom.development.js:25777:74)
      at flushActQueue (node_modules/react/cjs/react.development.js:2667:24)
      at act (node_modules/react/cjs/react.development.js:2582:11)
      at node_modules/@testing-library/react/dist/act-compat.js:47:25
      at renderRoot (node_modules/@testing-library/react/dist/pure.js:180:26)
      at render (node_modules/@testing-library/react/dist/pure.js:271:10)
      at Object.<anonymous> (tests/features-integration.test.tsx:199:19)

  console.error
    Error: Uncaught [Error: useGameRules must be used inside GameRulesProvider]
        at reportException (C:\Users\alexa\Documents\Programing\GitHub\moooves\node_modules\jsdom\lib\jsdom\living\helpers\runtime-script-errors.js:66:24)
        at innerInvokeEventListeners (C:\Users\alexa\Documents\Programing\GitHub\moooves\node_modules\jsdom\lib\jsdom\living\events\EventTarget-impl.js:353:9)
        at invokeEventListeners (C:\Users\alexa\Documents\Programing\GitHub\moooves\node_modules\jsdom\lib\jsdom\living\events\EventTarget-impl.js:286:3)
        at HTMLUnknownElementImpl._dispatch (C:\Users\alexa\Documents\Programing\GitHub\moooves\node_modules\jsdom\lib\jsdom\living\events\EventTarget-impl.js:233:9)
        at HTMLUnknownElementImpl.dispatchEvent (C:\Users\alexa\Documents\Programing\GitHub\moooves\node_modules\jsdom\lib\jsdom\living\events\EventTarget-impl.js:104:17)
        at HTMLUnknownElement.dispatchEvent (C:\Users\alexa\Documents\Programing\GitHub\moooves\node_modules\jsdom\lib\jsdom\living\generated\EventTarget.js:241:34)
        at Object.invokeGuardedCallbackDev (C:\Users\alexa\Documents\Programing\GitHub\moooves\node_modules\react-dom\cjs\react-dom.development.js:4213:16)
        at invokeGuardedCallback (C:\Users\alexa\Documents\Programing\GitHub\moooves\node_modules\react-dom\cjs\react-dom.development.js:4277:31)
        at beginWork$1 (C:\Users\alexa\Documents\Programing\GitHub\moooves\node_modules\react-dom\cjs\react-dom.development.js:27490:7)
        at performUnitOfWork (C:\Users\alexa\Documents\Programing\GitHub\moooves\node_modules\react-dom\cjs\react-dom.development.js:26599:12)
        at workLoopSync (C:\Users\alexa\Documents\Programing\GitHub\moooves\node_modules\react-dom\cjs\react-dom.development.js:26505:5)
        at renderRootSync (C:\Users\alexa\Documents\Programing\GitHub\moooves\node_modules\react-dom\cjs\react-dom.development.js:26473:7)
        at recoverFromConcurrentError (C:\Users\alexa\Documents\Programing\GitHub\moooves\node_modules\react-dom\cjs\react-dom.development.js:25889:20)
        at performConcurrentWorkOnRoot (C:\Users\alexa\Documents\Programing\GitHub\moooves\node_modules\react-dom\cjs\react-dom.development.js:25789:22)
        at flushActQueue (C:\Users\alexa\Documents\Programing\GitHub\moooves\node_modules\react\cjs\react.development.js:2667:24)
        at act (C:\Users\alexa\Documents\Programing\GitHub\moooves\node_modules\react\cjs\react.development.js:2582:11)
        at C:\Users\alexa\Documents\Programing\GitHub\moooves\node_modules\@testing-library\react\dist\act-compat.js:47:25
        at renderRoot (C:\Users\alexa\Documents\Programing\GitHub\moooves\node_modules\@testing-library\react\dist\pure.js:180:26)
        at render (C:\Users\alexa\Documents\Programing\GitHub\moooves\node_modules\@testing-library\react\dist\pure.js:271:10)
        at Object.<anonymous> (C:\Users\alexa\Documents\Programing\GitHub\moooves\tests\features-integration.test.tsx:199:19)
        at Promise.then.completed (C:\Users\alexa\Documents\Programing\GitHub\moooves\node_modules\jest-circus\build\utils.js:298:28)
        at new Promise (<anonymous>)
        at callAsyncCircusFn (C:\Users\alexa\Documents\Programing\GitHub\moooves\node_modules\jest-circus\build\utils.js:231:10)
        at _callCircusTest (C:\Users\alexa\Documents\Programing\GitHub\moooves\node_modules\jest-circus\build\run.js:316:40)
        at _runTest (C:\Users\alexa\Documents\Programing\GitHub\moooves\node_modules\jest-circus\build\run.js:252:3)
        at _runTestsForDescribeBlock (C:\Users\alexa\Documents\Programing\GitHub\moooves\node_modules\jest-circus\build\run.js:126:9)
        at _runTestsForDescribeBlock (C:\Users\alexa\Documents\Programing\GitHub\moooves\node_modules\jest-circus\build\run.js:121:9)
        at _runTestsForDescribeBlock (C:\Users\alexa\Documents\Programing\GitHub\moooves\node_modules\jest-circus\build\run.js:121:9)
        at run (C:\Users\alexa\Documents\Programing\GitHub\moooves\node_modules\jest-circus\build\run.js:71:3)
        at runAndTransformResultsToJestFormat (C:\Users\alexa\Documents\Programing\GitHub\moooves\node_modules\jest-circus\build\legacy-code-todo-rewrite\jestAdapterInit.js:122:21)
        at jestAdapter (C:\Users\alexa\Documents\Programing\GitHub\moooves\node_modules\jest-circus\build\legacy-code-todo-rewrite\jestAdapter.js:79:19)
        at runTestInternal (C:\Users\alexa\Documents\Programing\GitHub\moooves\node_modules\jest-runner\build\runTest.js:367:16)
        at runTest (C:\Users\alexa\Documents\Programing\GitHub\moooves\node_modules\jest-runner\build\runTest.js:444:34) {
      detail: Error: useGameRules must be used inside GameRulesProvider
          at useGameRules (C:\Users\alexa\Documents\Programing\GitHub\moooves\components\game\GameRulesProvider.tsx:31:11)
          at BattleGround (C:\Users\alexa\Documents\Programing\GitHub\moooves\components\game\battle-ground.tsx:64:37)
          at renderWithHooks (C:\Users\alexa\Documents\Programing\GitHub\moooves\node_modules\react-dom\cjs\react-dom.development.js:15486:18)
          at mountIndeterminateComponent (C:\Users\alexa\Documents\Programing\GitHub\moooves\node_modules\react-dom\cjs\react-dom.development.js:20103:13)
          at beginWork (C:\Users\alexa\Documents\Programing\GitHub\moooves\node_modules\react-dom\cjs\react-dom.development.js:21626:16)
          at HTMLUnknownElement.callCallback (C:\Users\alexa\Documents\Programing\GitHub\moooves\node_modules\react-dom\cjs\react-dom.development.js:4164:14)
          at HTMLUnknownElement.callTheUserObjectsOperation (C:\Users\alexa\Documents\Programing\GitHub\moooves\node_modules\jsdom\lib\jsdom\living\generated\EventListener.js:26:30)
          at innerInvokeEventListeners (C:\Users\alexa\Documents\Programing\GitHub\moooves\node_modules\jsdom\lib\jsdom\living\events\EventTarget-impl.js:350:25)
          at invokeEventListeners (C:\Users\alexa\Documents\Programing\GitHub\moooves\node_modules\jsdom\lib\jsdom\living\events\EventTarget-impl.js:286:3)
          at HTMLUnknownElementImpl._dispatch (C:\Users\alexa\Documents\Programing\GitHub\moooves\node_modules\jsdom\lib\jsdom\living\events\EventTarget-impl.js:233:9)
          at HTMLUnknownElementImpl.dispatchEvent (C:\Users\alexa\Documents\Programing\GitHub\moooves\node_modules\jsdom\lib\jsdom\living\events\EventTarget-impl.js:104:17)
          at HTMLUnknownElement.dispatchEvent (C:\Users\alexa\Documents\Programing\GitHub\moooves\node_modules\jsdom\lib\jsdom\living\generated\EventTarget.js:241:34)
          at Object.invokeGuardedCallbackDev (C:\Users\alexa\Documents\Programing\GitHub\moooves\node_modules\react-dom\cjs\react-dom.development.js:4213:16)
          at invokeGuardedCallback (C:\Users\alexa\Documents\Programing\GitHub\moooves\node_modules\react-dom\cjs\react-dom.development.js:4277:31)
          at beginWork$1 (C:\Users\alexa\Documents\Programing\GitHub\moooves\node_modules\react-dom\cjs\react-dom.development.js:27490:7)
          at performUnitOfWork (C:\Users\alexa\Documents\Programing\GitHub\moooves\node_modules\react-dom\cjs\react-dom.development.js:26599:12)
          at workLoopSync (C:\Users\alexa\Documents\Programing\GitHub\moooves\node_modules\react-dom\cjs\react-dom.development.js:26505:5)
          at renderRootSync (C:\Users\alexa\Documents\Programing\GitHub\moooves\node_modules\react-dom\cjs\react-dom.development.js:26473:7)
          at recoverFromConcurrentError (C:\Users\alexa\Documents\Programing\GitHub\moooves\node_modules\react-dom\cjs\react-dom.development.js:25889:20)
          at performConcurrentWorkOnRoot (C:\Users\alexa\Documents\Programing\GitHub\moooves\node_modules\react-dom\cjs\react-dom.development.js:25789:22)
          at flushActQueue (C:\Users\alexa\Documents\Programing\GitHub\moooves\node_modules\react\cjs\react.development.js:2667:24)
          at act (C:\Users\alexa\Documents\Programing\GitHub\moooves\node_modules\react\cjs\react.development.js:2582:11)
          at C:\Users\alexa\Documents\Programing\GitHub\moooves\node_modules\@testing-library\react\dist\act-compat.js:47:25
          at renderRoot (C:\Users\alexa\Documents\Programing\GitHub\moooves\node_modules\@testing-library\react\dist\pure.js:180:26)
          at render (C:\Users\alexa\Documents\Programing\GitHub\moooves\node_modules\@testing-library\react\dist\pure.js:271:10)
          at Object.<anonymous> (C:\Users\alexa\Documents\Programing\GitHub\moooves\tests\features-integration.test.tsx:199:19)
          at Promise.then.completed (C:\Users\alexa\Documents\Programing\GitHub\moooves\node_modules\jest-circus\build\utils.js:298:28)
          at new Promise (<anonymous>)
          at callAsyncCircusFn (C:\Users\alexa\Documents\Programing\GitHub\moooves\node_modules\jest-circus\build\utils.js:231:10)
          at _callCircusTest (C:\Users\alexa\Documents\Programing\GitHub\moooves\node_modules\jest-circus\build\run.js:316:40)
          at _runTest (C:\Users\alexa\Documents\Programing\GitHub\moooves\node_modules\jest-circus\build\run.js:252:3)
          at _runTestsForDescribeBlock (C:\Users\alexa\Documents\Programing\GitHub\moooves\node_modules\jest-circus\build\run.js:126:9)
          at _runTestsForDescribeBlock (C:\Users\alexa\Documents\Programing\GitHub\moooves\node_modules\jest-circus\build\run.js:121:9)
          at _runTestsForDescribeBlock (C:\Users\alexa\Documents\Programing\GitHub\moooves\node_modules\jest-circus\build\run.js:121:9)
          at run (C:\Users\alexa\Documents\Programing\GitHub\moooves\node_modules\jest-circus\build\run.js:71:3)
          at runAndTransformResultsToJestFormat (C:\Users\alexa\Documents\Programing\GitHub\moooves\node_modules\jest-circus\build\legacy-code-todo-rewrite\jestAdapterInit.js:122:21)
          at jestAdapter (C:\Users\alexa\Documents\Programing\GitHub\moooves\node_modules\jest-circus\build\legacy-code-todo-rewrite\jestAdapter.js:79:19)
          at runTestInternal (C:\Users\alexa\Documents\Programing\GitHub\moooves\node_modules\jest-runner\build\runTest.js:367:16)
          at runTest (C:\Users\alexa\Documents\Programing\GitHub\moooves\node_modules\jest-runner\build\runTest.js:444:34),
      type: 'unhandled exception'
    }

    [0m [90m 197 |[39m             }))
     [90m 198 |[39m
    [31m[1m>[22m[39m[90m 199 |[39m             render([33m<[39m[33mBattleGround[39m gameMode[33m=[39m[32m"player-vs-player"[39m [33m/[39m[33m>[39m)
     [90m     |[39m                   [31m[1m^[22m[39m
     [90m 200 |[39m
     [90m 201 |[39m             [90m// Force mobile check effect to run[39m
     [90m 202 |[39m             act(() [33m=>[39m {[0m

      at VirtualConsole.<anonymous> (node_modules/jest-environment-jsdom/build/index.js:63:23)
      at reportException (node_modules/jsdom/lib/jsdom/living/helpers/runtime-script-errors.js:70:28)
      at innerInvokeEventListeners (node_modules/jsdom/lib/jsdom/living/events/EventTarget-impl.js:353:9)
      at invokeEventListeners (node_modules/jsdom/lib/jsdom/living/events/EventTarget-impl.js:286:3)
      at HTMLUnknownElementImpl._dispatch (node_modules/jsdom/lib/jsdom/living/events/EventTarget-impl.js:233:9)
      at HTMLUnknownElementImpl.dispatchEvent (node_modules/jsdom/lib/jsdom/living/events/EventTarget-impl.js:104:17)
      at HTMLUnknownElement.dispatchEvent (node_modules/jsdom/lib/jsdom/living/generated/EventTarget.js:241:34)
      at Object.invokeGuardedCallbackDev (node_modules/react-dom/cjs/react-dom.development.js:4213:16)
      at invokeGuardedCallback (node_modules/react-dom/cjs/react-dom.development.js:4277:31)
      at beginWork$1 (node_modules/react-dom/cjs/react-dom.development.js:27490:7)
      at performUnitOfWork (node_modules/react-dom/cjs/react-dom.development.js:26599:12)
      at workLoopSync (node_modules/react-dom/cjs/react-dom.development.js:26505:5)
      at renderRootSync (node_modules/react-dom/cjs/react-dom.development.js:26473:7)
      at recoverFromConcurrentError (node_modules/react-dom/cjs/react-dom.development.js:25889:20)
      at performConcurrentWorkOnRoot (node_modules/react-dom/cjs/react-dom.development.js:25789:22)
      at flushActQueue (node_modules/react/cjs/react.development.js:2667:24)
      at act (node_modules/react/cjs/react.development.js:2582:11)
      at node_modules/@testing-library/react/dist/act-compat.js:47:25
      at renderRoot (node_modules/@testing-library/react/dist/pure.js:180:26)
      at render (node_modules/@testing-library/react/dist/pure.js:271:10)
      at Object.<anonymous> (tests/features-integration.test.tsx:199:19)

  console.error
    The above error occurred in the <BattleGround> component:
    
        at initialGameMode (C:\Users\alexa\Documents\Programing\GitHub\moooves\components\game\battle-ground.tsx:35:13)
    
    Consider adding an error boundary to your tree to customize error handling behavior.
    Visit https://reactjs.org/link/error-boundaries to learn more about error boundaries.

    [0m [90m 197 |[39m             }))
     [90m 198 |[39m
    [31m[1m>[22m[39m[90m 199 |[39m             render([33m<[39m[33mBattleGround[39m gameMode[33m=[39m[32m"player-vs-player"[39m [33m/[39m[33m>[39m)
     [90m     |[39m                   [31m[1m^[22m[39m
     [90m 200 |[39m
     [90m 201 |[39m             [90m// Force mobile check effect to run[39m
     [90m 202 |[39m             act(() [33m=>[39m {[0m

      at logCapturedError (node_modules/react-dom/cjs/react-dom.development.js:18704:23)
      at update.callback (node_modules/react-dom/cjs/react-dom.development.js:18737:5)
      at callCallback (node_modules/react-dom/cjs/react-dom.development.js:15036:12)
      at commitUpdateQueue (node_modules/react-dom/cjs/react-dom.development.js:15057:9)
      at commitLayoutEffectOnFiber (node_modules/react-dom/cjs/react-dom.development.js:23430:13)
      at commitLayoutMountEffects_complete (node_modules/react-dom/cjs/react-dom.development.js:24727:9)
      at commitLayoutEffects_begin (node_modules/react-dom/cjs/react-dom.development.js:24713:7)
      at commitLayoutEffects (node_modules/react-dom/cjs/react-dom.development.js:24651:3)
      at commitRootImpl (node_modules/react-dom/cjs/react-dom.development.js:26862:5)
      at commitRoot (node_modules/react-dom/cjs/react-dom.development.js:26721:5)
      at finishConcurrentRender (node_modules/react-dom/cjs/react-dom.development.js:25931:9)
      at performConcurrentWorkOnRoot (node_modules/react-dom/cjs/react-dom.development.js:25848:7)
      at flushActQueue (node_modules/react/cjs/react.development.js:2667:24)
      at act (node_modules/react/cjs/react.development.js:2582:11)
      at node_modules/@testing-library/react/dist/act-compat.js:47:25
      at renderRoot (node_modules/@testing-library/react/dist/pure.js:180:26)
      at render (node_modules/@testing-library/react/dist/pure.js:271:10)
      at Object.<anonymous> (tests/features-integration.test.tsx:199:19)

  console.error
    Error: Uncaught [Error: useGameRules must be used inside GameRulesProvider]
        at reportException (C:\Users\alexa\Documents\Programing\GitHub\moooves\node_modules\jsdom\lib\jsdom\living\helpers\runtime-script-errors.js:66:24)
        at innerInvokeEventListeners (C:\Users\alexa\Documents\Programing\GitHub\moooves\node_modules\jsdom\lib\jsdom\living\events\EventTarget-impl.js:353:9)
        at invokeEventListeners (C:\Users\alexa\Documents\Programing\GitHub\moooves\node_modules\jsdom\lib\jsdom\living\events\EventTarget-impl.js:286:3)
        at HTMLUnknownElementImpl._dispatch (C:\Users\alexa\Documents\Programing\GitHub\moooves\node_modules\jsdom\lib\jsdom\living\events\EventTarget-impl.js:233:9)
        at HTMLUnknownElementImpl.dispatchEvent (C:\Users\alexa\Documents\Programing\GitHub\moooves\node_modules\jsdom\lib\jsdom\living\events\EventTarget-impl.js:104:17)
        at HTMLUnknownElement.dispatchEvent (C:\Users\alexa\Documents\Programing\GitHub\moooves\node_modules\jsdom\lib\jsdom\living\generated\EventTarget.js:241:34)
        at Object.invokeGuardedCallbackDev (C:\Users\alexa\Documents\Programing\GitHub\moooves\node_modules\react-dom\cjs\react-dom.development.js:4213:16)
        at invokeGuardedCallback (C:\Users\alexa\Documents\Programing\GitHub\moooves\node_modules\react-dom\cjs\react-dom.development.js:4277:31)
        at beginWork$1 (C:\Users\alexa\Documents\Programing\GitHub\moooves\node_modules\react-dom\cjs\react-dom.development.js:27490:7)
        at performUnitOfWork (C:\Users\alexa\Documents\Programing\GitHub\moooves\node_modules\react-dom\cjs\react-dom.development.js:26599:12)
        at workLoopSync (C:\Users\alexa\Documents\Programing\GitHub\moooves\node_modules\react-dom\cjs\react-dom.development.js:26505:5)
        at renderRootSync (C:\Users\alexa\Documents\Programing\GitHub\moooves\node_modules\react-dom\cjs\react-dom.development.js:26473:7)
        at performConcurrentWorkOnRoot (C:\Users\alexa\Documents\Programing\GitHub\moooves\node_modules\react-dom\cjs\react-dom.development.js:25777:74)
        at flushActQueue (C:\Users\alexa\Documents\Programing\GitHub\moooves\node_modules\react\cjs\react.development.js:2667:24)
        at act (C:\Users\alexa\Documents\Programing\GitHub\moooves\node_modules\react\cjs\react.development.js:2582:11)
        at C:\Users\alexa\Documents\Programing\GitHub\moooves\node_modules\@testing-library\react\dist\act-compat.js:47:25
        at renderRoot (C:\Users\alexa\Documents\Programing\GitHub\moooves\node_modules\@testing-library\react\dist\pure.js:180:26)
        at render (C:\Users\alexa\Documents\Programing\GitHub\moooves\node_modules\@testing-library\react\dist\pure.js:271:10)
        at Object.<anonymous> (C:\Users\alexa\Documents\Programing\GitHub\moooves\tests\features-integration.test.tsx:232:19)
        at Promise.then.completed (C:\Users\alexa\Documents\Programing\GitHub\moooves\node_modules\jest-circus\build\utils.js:298:28)
        at new Promise (<anonymous>)
        at callAsyncCircusFn (C:\Users\alexa\Documents\Programing\GitHub\moooves\node_modules\jest-circus\build\utils.js:231:10)
        at _callCircusTest (C:\Users\alexa\Documents\Programing\GitHub\moooves\node_modules\jest-circus\build\run.js:316:40)
        at _runTest (C:\Users\alexa\Documents\Programing\GitHub\moooves\node_modules\jest-circus\build\run.js:252:3)
        at _runTestsForDescribeBlock (C:\Users\alexa\Documents\Programing\GitHub\moooves\node_modules\jest-circus\build\run.js:126:9)
        at _runTestsForDescribeBlock (C:\Users\alexa\Documents\Programing\GitHub\moooves\node_modules\jest-circus\build\run.js:121:9)
        at _runTestsForDescribeBlock (C:\Users\alexa\Documents\Programing\GitHub\moooves\node_modules\jest-circus\build\run.js:121:9)
        at run (C:\Users\alexa\Documents\Programing\GitHub\moooves\node_modules\jest-circus\build\run.js:71:3)
        at runAndTransformResultsToJestFormat (C:\Users\alexa\Documents\Programing\GitHub\moooves\node_modules\jest-circus\build\legacy-code-todo-rewrite\jestAdapterInit.js:122:21)
        at jestAdapter (C:\Users\alexa\Documents\Programing\GitHub\moooves\node_modules\jest-circus\build\legacy-code-todo-rewrite\jestAdapter.js:79:19)
        at runTestInternal (C:\Users\alexa\Documents\Programing\GitHub\moooves\node_modules\jest-runner\build\runTest.js:367:16)
        at runTest (C:\Users\alexa\Documents\Programing\GitHub\moooves\node_modules\jest-runner\build\runTest.js:444:34) {
      detail: Error: useGameRules must be used inside GameRulesProvider
          at useGameRules (C:\Users\alexa\Documents\Programing\GitHub\moooves\components\game\GameRulesProvider.tsx:31:11)
          at BattleGround (C:\Users\alexa\Documents\Programing\GitHub\moooves\components\game\battle-ground.tsx:64:37)
          at renderWithHooks (C:\Users\alexa\Documents\Programing\GitHub\moooves\node_modules\react-dom\cjs\react-dom.development.js:15486:18)
          at mountIndeterminateComponent (C:\Users\alexa\Documents\Programing\GitHub\moooves\node_modules\react-dom\cjs\react-dom.development.js:20103:13)
          at beginWork (C:\Users\alexa\Documents\Programing\GitHub\moooves\node_modules\react-dom\cjs\react-dom.development.js:21626:16)
          at HTMLUnknownElement.callCallback (C:\Users\alexa\Documents\Programing\GitHub\moooves\node_modules\react-dom\cjs\react-dom.development.js:4164:14)
          at HTMLUnknownElement.callTheUserObjectsOperation (C:\Users\alexa\Documents\Programing\GitHub\moooves\node_modules\jsdom\lib\jsdom\living\generated\EventListener.js:26:30)
          at innerInvokeEventListeners (C:\Users\alexa\Documents\Programing\GitHub\moooves\node_modules\jsdom\lib\jsdom\living\events\EventTarget-impl.js:350:25)
          at invokeEventListeners (C:\Users\alexa\Documents\Programing\GitHub\moooves\node_modules\jsdom\lib\jsdom\living\events\EventTarget-impl.js:286:3)
          at HTMLUnknownElementImpl._dispatch (C:\Users\alexa\Documents\Programing\GitHub\moooves\node_modules\jsdom\lib\jsdom\living\events\EventTarget-impl.js:233:9)
          at HTMLUnknownElementImpl.dispatchEvent (C:\Users\alexa\Documents\Programing\GitHub\moooves\node_modules\jsdom\lib\jsdom\living\events\EventTarget-impl.js:104:17)
          at HTMLUnknownElement.dispatchEvent (C:\Users\alexa\Documents\Programing\GitHub\moooves\node_modules\jsdom\lib\jsdom\living\generated\EventTarget.js:241:34)
          at Object.invokeGuardedCallbackDev (C:\Users\alexa\Documents\Programing\GitHub\moooves\node_modules\react-dom\cjs\react-dom.development.js:4213:16)
          at invokeGuardedCallback (C:\Users\alexa\Documents\Programing\GitHub\moooves\node_modules\react-dom\cjs\react-dom.development.js:4277:31)
          at beginWork$1 (C:\Users\alexa\Documents\Programing\GitHub\moooves\node_modules\react-dom\cjs\react-dom.development.js:27490:7)
          at performUnitOfWork (C:\Users\alexa\Documents\Programing\GitHub\moooves\node_modules\react-dom\cjs\react-dom.development.js:26599:12)
          at workLoopSync (C:\Users\alexa\Documents\Programing\GitHub\moooves\node_modules\react-dom\cjs\react-dom.development.js:26505:5)
          at renderRootSync (C:\Users\alexa\Documents\Programing\GitHub\moooves\node_modules\react-dom\cjs\react-dom.development.js:26473:7)
          at performConcurrentWorkOnRoot (C:\Users\alexa\Documents\Programing\GitHub\moooves\node_modules\react-dom\cjs\react-dom.development.js:25777:74)
          at flushActQueue (C:\Users\alexa\Documents\Programing\GitHub\moooves\node_modules\react\cjs\react.development.js:2667:24)
          at act (C:\Users\alexa\Documents\Programing\GitHub\moooves\node_modules\react\cjs\react.development.js:2582:11)
          at C:\Users\alexa\Documents\Programing\GitHub\moooves\node_modules\@testing-library\react\dist\act-compat.js:47:25
          at renderRoot (C:\Users\alexa\Documents\Programing\GitHub\moooves\node_modules\@testing-library\react\dist\pure.js:180:26)
          at render (C:\Users\alexa\Documents\Programing\GitHub\moooves\node_modules\@testing-library\react\dist\pure.js:271:10)
          at Object.<anonymous> (C:\Users\alexa\Documents\Programing\GitHub\moooves\tests\features-integration.test.tsx:232:19)
          at Promise.then.completed (C:\Users\alexa\Documents\Programing\GitHub\moooves\node_modules\jest-circus\build\utils.js:298:28)
          at new Promise (<anonymous>)
          at callAsyncCircusFn (C:\Users\alexa\Documents\Programing\GitHub\moooves\node_modules\jest-circus\build\utils.js:231:10)
          at _callCircusTest (C:\Users\alexa\Documents\Programing\GitHub\moooves\node_modules\jest-circus\build\run.js:316:40)
          at _runTest (C:\Users\alexa\Documents\Programing\GitHub\moooves\node_modules\jest-circus\build\run.js:252:3)
          at _runTestsForDescribeBlock (C:\Users\alexa\Documents\Programing\GitHub\moooves\node_modules\jest-circus\build\run.js:126:9)
          at _runTestsForDescribeBlock (C:\Users\alexa\Documents\Programing\GitHub\moooves\node_modules\jest-circus\build\run.js:121:9)
          at _runTestsForDescribeBlock (C:\Users\alexa\Documents\Programing\GitHub\moooves\node_modules\jest-circus\build\run.js:121:9)
          at run (C:\Users\alexa\Documents\Programing\GitHub\moooves\node_modules\jest-circus\build\run.js:71:3)
          at runAndTransformResultsToJestFormat (C:\Users\alexa\Documents\Programing\GitHub\moooves\node_modules\jest-circus\build\legacy-code-todo-rewrite\jestAdapterInit.js:122:21)
          at jestAdapter (C:\Users\alexa\Documents\Programing\GitHub\moooves\node_modules\jest-circus\build\legacy-code-todo-rewrite\jestAdapter.js:79:19)
          at runTestInternal (C:\Users\alexa\Documents\Programing\GitHub\moooves\node_modules\jest-runner\build\runTest.js:367:16)
          at runTest (C:\Users\alexa\Documents\Programing\GitHub\moooves\node_modules\jest-runner\build\runTest.js:444:34),
      type: 'unhandled exception'
    }

    [0m [90m 230 |[39m             }))
     [90m 231 |[39m
    [31m[1m>[22m[39m[90m 232 |[39m             render([33m<[39m[33mBattleGround[39m gameMode[33m=[39m[32m"player-vs-player"[39m [33m/[39m[33m>[39m)
     [90m     |[39m                   [31m[1m^[22m[39m
     [90m 233 |[39m
     [90m 234 |[39m             [90m// Force resize just to be safe[39m
     [90m 235 |[39m             act(() [33m=>[39m {[0m

      at VirtualConsole.<anonymous> (node_modules/jest-environment-jsdom/build/index.js:63:23)
      at reportException (node_modules/jsdom/lib/jsdom/living/helpers/runtime-script-errors.js:70:28)
      at innerInvokeEventListeners (node_modules/jsdom/lib/jsdom/living/events/EventTarget-impl.js:353:9)
      at invokeEventListeners (node_modules/jsdom/lib/jsdom/living/events/EventTarget-impl.js:286:3)
      at HTMLUnknownElementImpl._dispatch (node_modules/jsdom/lib/jsdom/living/events/EventTarget-impl.js:233:9)
      at HTMLUnknownElementImpl.dispatchEvent (node_modules/jsdom/lib/jsdom/living/events/EventTarget-impl.js:104:17)
      at HTMLUnknownElement.dispatchEvent (node_modules/jsdom/lib/jsdom/living/generated/EventTarget.js:241:34)
      at Object.invokeGuardedCallbackDev (node_modules/react-dom/cjs/react-dom.development.js:4213:16)
      at invokeGuardedCallback (node_modules/react-dom/cjs/react-dom.development.js:4277:31)
      at beginWork$1 (node_modules/react-dom/cjs/react-dom.development.js:27490:7)
      at performUnitOfWork (node_modules/react-dom/cjs/react-dom.development.js:26599:12)
      at workLoopSync (node_modules/react-dom/cjs/react-dom.development.js:26505:5)
      at renderRootSync (node_modules/react-dom/cjs/react-dom.development.js:26473:7)
      at performConcurrentWorkOnRoot (node_modules/react-dom/cjs/react-dom.development.js:25777:74)
      at flushActQueue (node_modules/react/cjs/react.development.js:2667:24)
      at act (node_modules/react/cjs/react.development.js:2582:11)
      at node_modules/@testing-library/react/dist/act-compat.js:47:25
      at renderRoot (node_modules/@testing-library/react/dist/pure.js:180:26)
      at render (node_modules/@testing-library/react/dist/pure.js:271:10)
      at Object.<anonymous> (tests/features-integration.test.tsx:232:19)

  console.error
    Error: Uncaught [Error: useGameRules must be used inside GameRulesProvider]
        at reportException (C:\Users\alexa\Documents\Programing\GitHub\moooves\node_modules\jsdom\lib\jsdom\living\helpers\runtime-script-errors.js:66:24)
        at innerInvokeEventListeners (C:\Users\alexa\Documents\Programing\GitHub\moooves\node_modules\jsdom\lib\jsdom\living\events\EventTarget-impl.js:353:9)
        at invokeEventListeners (C:\Users\alexa\Documents\Programing\GitHub\moooves\node_modules\jsdom\lib\jsdom\living\events\EventTarget-impl.js:286:3)
        at HTMLUnknownElementImpl._dispatch (C:\Users\alexa\Documents\Programing\GitHub\moooves\node_modules\jsdom\lib\jsdom\living\events\EventTarget-impl.js:233:9)
        at HTMLUnknownElementImpl.dispatchEvent (C:\Users\alexa\Documents\Programing\GitHub\moooves\node_modules\jsdom\lib\jsdom\living\events\EventTarget-impl.js:104:17)
        at HTMLUnknownElement.dispatchEvent (C:\Users\alexa\Documents\Programing\GitHub\moooves\node_modules\jsdom\lib\jsdom\living\generated\EventTarget.js:241:34)
        at Object.invokeGuardedCallbackDev (C:\Users\alexa\Documents\Programing\GitHub\moooves\node_modules\react-dom\cjs\react-dom.development.js:4213:16)
        at invokeGuardedCallback (C:\Users\alexa\Documents\Programing\GitHub\moooves\node_modules\react-dom\cjs\react-dom.development.js:4277:31)
        at beginWork$1 (C:\Users\alexa\Documents\Programing\GitHub\moooves\node_modules\react-dom\cjs\react-dom.development.js:27490:7)
        at performUnitOfWork (C:\Users\alexa\Documents\Programing\GitHub\moooves\node_modules\react-dom\cjs\react-dom.development.js:26599:12)
        at workLoopSync (C:\Users\alexa\Documents\Programing\GitHub\moooves\node_modules\react-dom\cjs\react-dom.development.js:26505:5)
        at renderRootSync (C:\Users\alexa\Documents\Programing\GitHub\moooves\node_modules\react-dom\cjs\react-dom.development.js:26473:7)
        at recoverFromConcurrentError (C:\Users\alexa\Documents\Programing\GitHub\moooves\node_modules\react-dom\cjs\react-dom.development.js:25889:20)
        at performConcurrentWorkOnRoot (C:\Users\alexa\Documents\Programing\GitHub\moooves\node_modules\react-dom\cjs\react-dom.development.js:25789:22)
        at flushActQueue (C:\Users\alexa\Documents\Programing\GitHub\moooves\node_modules\react\cjs\react.development.js:2667:24)
        at act (C:\Users\alexa\Documents\Programing\GitHub\moooves\node_modules\react\cjs\react.development.js:2582:11)
        at C:\Users\alexa\Documents\Programing\GitHub\moooves\node_modules\@testing-library\react\dist\act-compat.js:47:25
        at renderRoot (C:\Users\alexa\Documents\Programing\GitHub\moooves\node_modules\@testing-library\react\dist\pure.js:180:26)
        at render (C:\Users\alexa\Documents\Programing\GitHub\moooves\node_modules\@testing-library\react\dist\pure.js:271:10)
        at Object.<anonymous> (C:\Users\alexa\Documents\Programing\GitHub\moooves\tests\features-integration.test.tsx:232:19)
        at Promise.then.completed (C:\Users\alexa\Documents\Programing\GitHub\moooves\node_modules\jest-circus\build\utils.js:298:28)
        at new Promise (<anonymous>)
        at callAsyncCircusFn (C:\Users\alexa\Documents\Programing\GitHub\moooves\node_modules\jest-circus\build\utils.js:231:10)
        at _callCircusTest (C:\Users\alexa\Documents\Programing\GitHub\moooves\node_modules\jest-circus\build\run.js:316:40)
        at _runTest (C:\Users\alexa\Documents\Programing\GitHub\moooves\node_modules\jest-circus\build\run.js:252:3)
        at _runTestsForDescribeBlock (C:\Users\alexa\Documents\Programing\GitHub\moooves\node_modules\jest-circus\build\run.js:126:9)
        at _runTestsForDescribeBlock (C:\Users\alexa\Documents\Programing\GitHub\moooves\node_modules\jest-circus\build\run.js:121:9)
        at _runTestsForDescribeBlock (C:\Users\alexa\Documents\Programing\GitHub\moooves\node_modules\jest-circus\build\run.js:121:9)
        at run (C:\Users\alexa\Documents\Programing\GitHub\moooves\node_modules\jest-circus\build\run.js:71:3)
        at runAndTransformResultsToJestFormat (C:\Users\alexa\Documents\Programing\GitHub\moooves\node_modules\jest-circus\build\legacy-code-todo-rewrite\jestAdapterInit.js:122:21)
        at jestAdapter (C:\Users\alexa\Documents\Programing\GitHub\moooves\node_modules\jest-circus\build\legacy-code-todo-rewrite\jestAdapter.js:79:19)
        at runTestInternal (C:\Users\alexa\Documents\Programing\GitHub\moooves\node_modules\jest-runner\build\runTest.js:367:16)
        at runTest (C:\Users\alexa\Documents\Programing\GitHub\moooves\node_modules\jest-runner\build\runTest.js:444:34) {
      detail: Error: useGameRules must be used inside GameRulesProvider
          at useGameRules (C:\Users\alexa\Documents\Programing\GitHub\moooves\components\game\GameRulesProvider.tsx:31:11)
          at BattleGround (C:\Users\alexa\Documents\Programing\GitHub\moooves\components\game\battle-ground.tsx:64:37)
          at renderWithHooks (C:\Users\alexa\Documents\Programing\GitHub\moooves\node_modules\react-dom\cjs\react-dom.development.js:15486:18)
          at mountIndeterminateComponent (C:\Users\alexa\Documents\Programing\GitHub\moooves\node_modules\react-dom\cjs\react-dom.development.js:20103:13)
          at beginWork (C:\Users\alexa\Documents\Programing\GitHub\moooves\node_modules\react-dom\cjs\react-dom.development.js:21626:16)
          at HTMLUnknownElement.callCallback (C:\Users\alexa\Documents\Programing\GitHub\moooves\node_modules\react-dom\cjs\react-dom.development.js:4164:14)
          at HTMLUnknownElement.callTheUserObjectsOperation (C:\Users\alexa\Documents\Programing\GitHub\moooves\node_modules\jsdom\lib\jsdom\living\generated\EventListener.js:26:30)
          at innerInvokeEventListeners (C:\Users\alexa\Documents\Programing\GitHub\moooves\node_modules\jsdom\lib\jsdom\living\events\EventTarget-impl.js:350:25)
          at invokeEventListeners (C:\Users\alexa\Documents\Programing\GitHub\moooves\node_modules\jsdom\lib\jsdom\living\events\EventTarget-impl.js:286:3)
          at HTMLUnknownElementImpl._dispatch (C:\Users\alexa\Documents\Programing\GitHub\moooves\node_modules\jsdom\lib\jsdom\living\events\EventTarget-impl.js:233:9)
          at HTMLUnknownElementImpl.dispatchEvent (C:\Users\alexa\Documents\Programing\GitHub\moooves\node_modules\jsdom\lib\jsdom\living\events\EventTarget-impl.js:104:17)
          at HTMLUnknownElement.dispatchEvent (C:\Users\alexa\Documents\Programing\GitHub\moooves\node_modules\jsdom\lib\jsdom\living\generated\EventTarget.js:241:34)
          at Object.invokeGuardedCallbackDev (C:\Users\alexa\Documents\Programing\GitHub\moooves\node_modules\react-dom\cjs\react-dom.development.js:4213:16)
          at invokeGuardedCallback (C:\Users\alexa\Documents\Programing\GitHub\moooves\node_modules\react-dom\cjs\react-dom.development.js:4277:31)
          at beginWork$1 (C:\Users\alexa\Documents\Programing\GitHub\moooves\node_modules\react-dom\cjs\react-dom.development.js:27490:7)
          at performUnitOfWork (C:\Users\alexa\Documents\Programing\GitHub\moooves\node_modules\react-dom\cjs\react-dom.development.js:26599:12)
          at workLoopSync (C:\Users\alexa\Documents\Programing\GitHub\moooves\node_modules\react-dom\cjs\react-dom.development.js:26505:5)
          at renderRootSync (C:\Users\alexa\Documents\Programing\GitHub\moooves\node_modules\react-dom\cjs\react-dom.development.js:26473:7)
          at recoverFromConcurrentError (C:\Users\alexa\Documents\Programing\GitHub\moooves\node_modules\react-dom\cjs\react-dom.development.js:25889:20)
          at performConcurrentWorkOnRoot (C:\Users\alexa\Documents\Programing\GitHub\moooves\node_modules\react-dom\cjs\react-dom.development.js:25789:22)
          at flushActQueue (C:\Users\alexa\Documents\Programing\GitHub\moooves\node_modules\react\cjs\react.development.js:2667:24)
          at act (C:\Users\alexa\Documents\Programing\GitHub\moooves\node_modules\react\cjs\react.development.js:2582:11)
          at C:\Users\alexa\Documents\Programing\GitHub\moooves\node_modules\@testing-library\react\dist\act-compat.js:47:25
          at renderRoot (C:\Users\alexa\Documents\Programing\GitHub\moooves\node_modules\@testing-library\react\dist\pure.js:180:26)
          at render (C:\Users\alexa\Documents\Programing\GitHub\moooves\node_modules\@testing-library\react\dist\pure.js:271:10)
          at Object.<anonymous> (C:\Users\alexa\Documents\Programing\GitHub\moooves\tests\features-integration.test.tsx:232:19)
          at Promise.then.completed (C:\Users\alexa\Documents\Programing\GitHub\moooves\node_modules\jest-circus\build\utils.js:298:28)
          at new Promise (<anonymous>)
          at callAsyncCircusFn (C:\Users\alexa\Documents\Programing\GitHub\moooves\node_modules\jest-circus\build\utils.js:231:10)
          at _callCircusTest (C:\Users\alexa\Documents\Programing\GitHub\moooves\node_modules\jest-circus\build\run.js:316:40)
          at _runTest (C:\Users\alexa\Documents\Programing\GitHub\moooves\node_modules\jest-circus\build\run.js:252:3)
          at _runTestsForDescribeBlock (C:\Users\alexa\Documents\Programing\GitHub\moooves\node_modules\jest-circus\build\run.js:126:9)
          at _runTestsForDescribeBlock (C:\Users\alexa\Documents\Programing\GitHub\moooves\node_modules\jest-circus\build\run.js:121:9)
          at _runTestsForDescribeBlock (C:\Users\alexa\Documents\Programing\GitHub\moooves\node_modules\jest-circus\build\run.js:121:9)
          at run (C:\Users\alexa\Documents\Programing\GitHub\moooves\node_modules\jest-circus\build\run.js:71:3)
          at runAndTransformResultsToJestFormat (C:\Users\alexa\Documents\Programing\GitHub\moooves\node_modules\jest-circus\build\legacy-code-todo-rewrite\jestAdapterInit.js:122:21)
          at jestAdapter (C:\Users\alexa\Documents\Programing\GitHub\moooves\node_modules\jest-circus\build\legacy-code-todo-rewrite\jestAdapter.js:79:19)
          at runTestInternal (C:\Users\alexa\Documents\Programing\GitHub\moooves\node_modules\jest-runner\build\runTest.js:367:16)
          at runTest (C:\Users\alexa\Documents\Programing\GitHub\moooves\node_modules\jest-runner\build\runTest.js:444:34),
      type: 'unhandled exception'
    }

    [0m [90m 230 |[39m             }))
     [90m 231 |[39m
    [31m[1m>[22m[39m[90m 232 |[39m             render([33m<[39m[33mBattleGround[39m gameMode[33m=[39m[32m"player-vs-player"[39m [33m/[39m[33m>[39m)
     [90m     |[39m                   [31m[1m^[22m[39m
     [90m 233 |[39m
     [90m 234 |[39m             [90m// Force resize just to be safe[39m
     [90m 235 |[39m             act(() [33m=>[39m {[0m

      at VirtualConsole.<anonymous> (node_modules/jest-environment-jsdom/build/index.js:63:23)
      at reportException (node_modules/jsdom/lib/jsdom/living/helpers/runtime-script-errors.js:70:28)
      at innerInvokeEventListeners (node_modules/jsdom/lib/jsdom/living/events/EventTarget-impl.js:353:9)
      at invokeEventListeners (node_modules/jsdom/lib/jsdom/living/events/EventTarget-impl.js:286:3)
      at HTMLUnknownElementImpl._dispatch (node_modules/jsdom/lib/jsdom/living/events/EventTarget-impl.js:233:9)
      at HTMLUnknownElementImpl.dispatchEvent (node_modules/jsdom/lib/jsdom/living/events/EventTarget-impl.js:104:17)
      at HTMLUnknownElement.dispatchEvent (node_modules/jsdom/lib/jsdom/living/generated/EventTarget.js:241:34)
      at Object.invokeGuardedCallbackDev (node_modules/react-dom/cjs/react-dom.development.js:4213:16)
      at invokeGuardedCallback (node_modules/react-dom/cjs/react-dom.development.js:4277:31)
      at beginWork$1 (node_modules/react-dom/cjs/react-dom.development.js:27490:7)
      at performUnitOfWork (node_modules/react-dom/cjs/react-dom.development.js:26599:12)
      at workLoopSync (node_modules/react-dom/cjs/react-dom.development.js:26505:5)
      at renderRootSync (node_modules/react-dom/cjs/react-dom.development.js:26473:7)
      at recoverFromConcurrentError (node_modules/react-dom/cjs/react-dom.development.js:25889:20)
      at performConcurrentWorkOnRoot (node_modules/react-dom/cjs/react-dom.development.js:25789:22)
      at flushActQueue (node_modules/react/cjs/react.development.js:2667:24)
      at act (node_modules/react/cjs/react.development.js:2582:11)
      at node_modules/@testing-library/react/dist/act-compat.js:47:25
      at renderRoot (node_modules/@testing-library/react/dist/pure.js:180:26)
      at render (node_modules/@testing-library/react/dist/pure.js:271:10)
      at Object.<anonymous> (tests/features-integration.test.tsx:232:19)

  console.error
    The above error occurred in the <BattleGround> component:
    
        at initialGameMode (C:\Users\alexa\Documents\Programing\GitHub\moooves\components\game\battle-ground.tsx:35:13)
    
    Consider adding an error boundary to your tree to customize error handling behavior.
    Visit https://reactjs.org/link/error-boundaries to learn more about error boundaries.

    [0m [90m 230 |[39m             }))
     [90m 231 |[39m
    [31m[1m>[22m[39m[90m 232 |[39m             render([33m<[39m[33mBattleGround[39m gameMode[33m=[39m[32m"player-vs-player"[39m [33m/[39m[33m>[39m)
     [90m     |[39m                   [31m[1m^[22m[39m
     [90m 233 |[39m
     [90m 234 |[39m             [90m// Force resize just to be safe[39m
     [90m 235 |[39m             act(() [33m=>[39m {[0m

      at logCapturedError (node_modules/react-dom/cjs/react-dom.development.js:18704:23)
      at update.callback (node_modules/react-dom/cjs/react-dom.development.js:18737:5)
      at callCallback (node_modules/react-dom/cjs/react-dom.development.js:15036:12)
      at commitUpdateQueue (node_modules/react-dom/cjs/react-dom.development.js:15057:9)
      at commitLayoutEffectOnFiber (node_modules/react-dom/cjs/react-dom.development.js:23430:13)
      at commitLayoutMountEffects_complete (node_modules/react-dom/cjs/react-dom.development.js:24727:9)
      at commitLayoutEffects_begin (node_modules/react-dom/cjs/react-dom.development.js:24713:7)
      at commitLayoutEffects (node_modules/react-dom/cjs/react-dom.development.js:24651:3)
      at commitRootImpl (node_modules/react-dom/cjs/react-dom.development.js:26862:5)
      at commitRoot (node_modules/react-dom/cjs/react-dom.development.js:26721:5)
      at finishConcurrentRender (node_modules/react-dom/cjs/react-dom.development.js:25931:9)
      at performConcurrentWorkOnRoot (node_modules/react-dom/cjs/react-dom.development.js:25848:7)
      at flushActQueue (node_modules/react/cjs/react.development.js:2667:24)
      at act (node_modules/react/cjs/react.development.js:2582:11)
      at node_modules/@testing-library/react/dist/act-compat.js:47:25
      at renderRoot (node_modules/@testing-library/react/dist/pure.js:180:26)
      at render (node_modules/@testing-library/react/dist/pure.js:271:10)
      at Object.<anonymous> (tests/features-integration.test.tsx:232:19)

